Component: ARM Compiler 5.06 update 4 (build 422) Tool: armlink [4d35d2]

==============================================================================

Section Cross References

    stm32l1xx_hal_cortex.o(i.HAL_NVIC_SetPriority) refers to stm32l1xx_hal_cortex.o(i.NVIC_SetPriority) for NVIC_SetPriority
    stm32l1xx_hal_cortex.o(i.HAL_SYSTICK_Config) refers to stm32l1xx_hal_cortex.o(i.NVIC_SetPriority) for NVIC_SetPriority
    stm32l1xx_hal_cortex.o(i.HAL_SYSTICK_IRQHandler) refers to stm32l1xx_hal_cortex.o(i.HAL_SYSTICK_Callback) for HAL_SYSTICK_Callback
    stm32l1xx_hal_flash_ex.o(i.FLASH_OB_PCROPConfig) refers to stm32l1xx_hal_flash.o(i.FLASH_WaitForLastOperation) for FLASH_WaitForLastOperation
    stm32l1xx_hal_flash_ex.o(i.FLASH_OB_PCROPConfig) refers to stm32l1xx_hal_flash_ex.o(i.FLASH_OB_WRPConfigWRP1OrPCROP1) for FLASH_OB_WRPConfigWRP1OrPCROP1
    stm32l1xx_hal_flash_ex.o(i.FLASH_OB_PCROPConfig) refers to stm32l1xx_hal_flash.o(.bss) for pFlash
    stm32l1xx_hal_flash_ex.o(i.FLASH_OB_WRPConfig) refers to stm32l1xx_hal_flash.o(i.FLASH_WaitForLastOperation) for FLASH_WaitForLastOperation
    stm32l1xx_hal_flash_ex.o(i.FLASH_OB_WRPConfig) refers to stm32l1xx_hal_flash_ex.o(i.FLASH_OB_WRPConfigWRP1OrPCROP1) for FLASH_OB_WRPConfigWRP1OrPCROP1
    stm32l1xx_hal_flash_ex.o(i.FLASH_OB_WRPConfig) refers to stm32l1xx_hal_flash.o(.bss) for pFlash
    stm32l1xx_hal_flash_ex.o(i.FLASH_PageErase) refers to stm32l1xx_hal_flash.o(.bss) for pFlash
    stm32l1xx_hal_flash_ex.o(i.HAL_FLASHEx_AdvOBProgram) refers to stm32l1xx_hal_flash_ex.o(i.FLASH_OB_PCROPConfig) for FLASH_OB_PCROPConfig
    stm32l1xx_hal_flash_ex.o(i.HAL_FLASHEx_DATAEEPROM_Erase) refers to stm32l1xx_hal_flash.o(i.FLASH_WaitForLastOperation) for FLASH_WaitForLastOperation
    stm32l1xx_hal_flash_ex.o(i.HAL_FLASHEx_DATAEEPROM_Erase) refers to stm32l1xx_hal_flash.o(.bss) for pFlash
    stm32l1xx_hal_flash_ex.o(i.HAL_FLASHEx_DATAEEPROM_Program) refers to stm32l1xx_hal_flash.o(i.FLASH_WaitForLastOperation) for FLASH_WaitForLastOperation
    stm32l1xx_hal_flash_ex.o(i.HAL_FLASHEx_DATAEEPROM_Program) refers to stm32l1xx_hal_flash.o(.bss) for pFlash
    stm32l1xx_hal_flash_ex.o(i.HAL_FLASHEx_Erase) refers to stm32l1xx_hal_flash.o(i.FLASH_WaitForLastOperation) for FLASH_WaitForLastOperation
    stm32l1xx_hal_flash_ex.o(i.HAL_FLASHEx_Erase) refers to stm32l1xx_hal_flash_ex.o(i.FLASH_PageErase) for FLASH_PageErase
    stm32l1xx_hal_flash_ex.o(i.HAL_FLASHEx_Erase) refers to stm32l1xx_hal_flash.o(.bss) for pFlash
    stm32l1xx_hal_flash_ex.o(i.HAL_FLASHEx_Erase_IT) refers to stm32l1xx_hal_flash.o(i.FLASH_WaitForLastOperation) for FLASH_WaitForLastOperation
    stm32l1xx_hal_flash_ex.o(i.HAL_FLASHEx_Erase_IT) refers to stm32l1xx_hal_flash_ex.o(i.FLASH_PageErase) for FLASH_PageErase
    stm32l1xx_hal_flash_ex.o(i.HAL_FLASHEx_Erase_IT) refers to stm32l1xx_hal_flash.o(.bss) for pFlash
    stm32l1xx_hal_flash_ex.o(i.HAL_FLASHEx_OBProgram) refers to stm32l1xx_hal_flash_ex.o(i.FLASH_OB_WRPConfig) for FLASH_OB_WRPConfig
    stm32l1xx_hal_flash_ex.o(i.HAL_FLASHEx_OBProgram) refers to stm32l1xx_hal_flash.o(i.FLASH_WaitForLastOperation) for FLASH_WaitForLastOperation
    stm32l1xx_hal_flash_ex.o(i.HAL_FLASHEx_OBProgram) refers to stm32l1xx_hal_flash.o(.bss) for pFlash
    stm32l1xx_hal_flash_ex.o(i.HAL_FLASHEx_OB_DeSelectPCROP) refers to stm32l1xx_hal_flash.o(i.FLASH_WaitForLastOperation) for FLASH_WaitForLastOperation
    stm32l1xx_hal_flash_ex.o(i.HAL_FLASHEx_OB_DeSelectPCROP) refers to stm32l1xx_hal_flash.o(.bss) for pFlash
    stm32l1xx_hal_flash_ex.o(i.HAL_FLASHEx_OB_SelectPCROP) refers to stm32l1xx_hal_flash.o(i.FLASH_WaitForLastOperation) for FLASH_WaitForLastOperation
    stm32l1xx_hal_flash_ex.o(i.HAL_FLASHEx_OB_SelectPCROP) refers to stm32l1xx_hal_flash.o(.bss) for pFlash
    stm32l1xx_hal_pwr.o(i.HAL_PWR_PVD_IRQHandler) refers to stm32l1xx_hal_pwr.o(i.HAL_PWR_PVDCallback) for HAL_PWR_PVDCallback
    stm32l1xx_hal_rcc.o(i.HAL_RCC_ClockConfig) refers to stm32l1xx_hal.o(i.HAL_GetTick) for HAL_GetTick
    stm32l1xx_hal_rcc.o(i.HAL_RCC_ClockConfig) refers to stm32l1xx_hal_rcc.o(i.HAL_RCC_GetSysClockFreq) for HAL_RCC_GetSysClockFreq
    stm32l1xx_hal_rcc.o(i.HAL_RCC_ClockConfig) refers to stm32l1xx_hal.o(i.HAL_InitTick) for HAL_InitTick
    stm32l1xx_hal_rcc.o(i.HAL_RCC_ClockConfig) refers to system_stm32l1xx.o(.constdata) for AHBPrescTable
    stm32l1xx_hal_rcc.o(i.HAL_RCC_ClockConfig) refers to system_stm32l1xx.o(.data) for SystemCoreClock
    stm32l1xx_hal_rcc.o(i.HAL_RCC_DeInit) refers to system_stm32l1xx.o(.data) for SystemCoreClock
    stm32l1xx_hal_rcc.o(i.HAL_RCC_GetHCLKFreq) refers to system_stm32l1xx.o(.data) for SystemCoreClock
    stm32l1xx_hal_rcc.o(i.HAL_RCC_GetPCLK1Freq) refers to system_stm32l1xx.o(.data) for SystemCoreClock
    stm32l1xx_hal_rcc.o(i.HAL_RCC_GetPCLK1Freq) refers to system_stm32l1xx.o(.constdata) for APBPrescTable
    stm32l1xx_hal_rcc.o(i.HAL_RCC_GetPCLK2Freq) refers to system_stm32l1xx.o(.data) for SystemCoreClock
[...]
    printfb.o(i.__0vsnprintf$bare) refers to printfb.o(i._snputc) for _snputc
    printfb.o(i.__0vsprintf$bare) refers to printfb.o(i._printf_core) for _printf_core
    printfb.o(i.__0vsprintf$bare) refers to printfb.o(i._sputc) for _sputc
    printf0.o(i.__0fprintf$0) refers to printf0.o(i._printf_core) for _printf_core
    printf0.o(i.__0fprintf$0) refers to fputc.o(i.fputc) for fputc
    printf0.o(i.__0printf$0) refers to printf0.o(i._printf_core) for _printf_core
    printf0.o(i.__0printf$0) refers to fputc.o(i.fputc) for fputc
    printf0.o(i.__0printf$0) refers to stdout.o(.data) for __stdout
    printf0.o(i.__0snprintf$0) refers to printf0.o(i._printf_core) for _printf_core
    printf0.o(i.__0snprintf$0) refers to printf0.o(i._snputc) for _snputc
    printf0.o(i.__0sprintf$0) refers to printf0.o(i._printf_core) for _printf_core
    printf0.o(i.__0sprintf$0) refers to printf0.o(i._sputc) for _sputc
    printf0.o(i.__0vfprintf$0) refers to printf0.o(i._printf_core) for _printf_core
    printf0.o(i.__0vfprintf$0) refers to fputc.o(i.fputc) for fputc
    printf0.o(i.__0vprintf$0) refers to printf0.o(i._printf_core) for _printf_core
    printf0.o(i.__0vprintf$0) refers to fputc.o(i.fputc) for fputc
    printf0.o(i.__0vprintf$0) refers to stdout.o(.data) for __stdout
    printf0.o(i.__0vsnprintf$0) refers to printf0.o(i._printf_core) for _printf_core
    printf0.o(i.__0vsnprintf$0) refers to printf0.o(i._snputc) for _snputc
    printf0.o(i.__0vsprintf$0) refers to printf0.o(i._printf_core) for _printf_core
    printf0.o(i.__0vsprintf$0) refers to printf0.o(i._sputc) for _sputc
    printf1.o(i.__0fprintf$1) refers to printf1.o(i._printf_core) for _printf_core
    printf1.o(i.__0fprintf$1) refers to fputc.o(i.fputc) for fputc
    printf1.o(i.__0printf$1) refers to printf1.o(i._printf_core) for _printf_core
    printf1.o(i.__0printf$1) refers to fputc.o(i.fputc) for fputc
    printf1.o(i.__0printf$1) refers to stdout.o(.data) for __stdout
    printf1.o(i.__0snprintf$1) refers to printf1.o(i._printf_core) for _printf_core
    printf1.o(i.__0snprintf$1) refers to printf1.o(i._snputc) for _snputc
    printf1.o(i.__0sprintf$1) refers to printf1.o(i._printf_core) for _printf_core
    printf1.o(i.__0sprintf$1) refers to printf1.o(i._sputc) for _sputc
    printf1.o(i.__0vfprintf$1) refers to printf1.o(i._printf_core) for _printf_core
    printf1.o(i.__0vfprintf$1) refers to fputc.o(i.fputc) for fputc
    printf1.o(i.__0vprintf$1) refers to printf1.o(i._printf_core) for _printf_core
    printf1.o(i.__0vprintf$1) refers to fputc.o(i.fputc) for fputc
    printf1.o(i.__0vprintf$1) refers to stdout.o(.data) for __stdout
    printf1.o(i.__0vsnprintf$1) refers to printf1.o(i._printf_core) for _printf_core
    printf1.o(i.__0vsnprintf$1) refers to printf1.o(i._snputc) for _snputc
    printf1.o(i.__0vsprintf$1) refers to printf1.o(i._printf_core) for _printf_core
    printf1.o(i.__0vsprintf$1) refers to printf1.o(i._sputc) for _sputc
    printf1.o(i._printf_core) refers to uidiv.o(.text) for __aeabi_uidivmod
    printf2.o(i.__0fprintf$2) refers to printf2.o(i._printf_core) for _printf_core
    printf2.o(i.__0fprintf$2) refers to fputc.o(i.fputc) for fputc
    printf2.o(i.__0printf$2) refers to printf2.o(i._printf_core) for _printf_core
    printf2.o(i.__0printf$2) refers to fputc.o(i.fputc) for fputc
    printf2.o(i.__0printf$2) refers to stdout.o(.data) for __stdout
    printf2.o(i.__0snprintf$2) refers to printf2.o(i._printf_core) for _printf_core
    printf2.o(i.__0snprintf$2) refers to printf2.o(i._snputc) for _snputc
    printf2.o(i.__0sprintf$2) refers to printf2.o(i._printf_core) for _printf_core
    printf2.o(i.__0sprintf$2) refers to printf2.o(i._sputc) for _sputc
    printf2.o(i.__0vfprintf$2) refers to printf2.o(i._printf_core) for _printf_core
    printf2.o(i.__0vfprintf$2) refers to fputc.o(i.fputc) for fputc
    printf2.o(i.__0vprintf$2) refers to printf2.o(i._printf_core) for _printf_core
    printf2.o(i.__0vprintf$2) refers to fputc.o(i.fputc) for fputc
    printf2.o(i.__0vprintf$2) refers to stdout.o(.data) for __stdout
    printf2.o(i.__0vsnprintf$2) refers to printf2.o(i._printf_core) for _printf_core
    printf2.o(i.__0vsnprintf$2) refers to printf2.o(i._snputc) for _snputc
    printf2.o(i.__0vsprintf$2) refers to printf2.o(i._printf_core) for _printf_core
    printf2.o(i.__0vsprintf$2) refers to printf2.o(i._sputc) for _sputc
    printf3.o(i.__0fprintf$3) refers to printf3.o(i._printf_core) for _printf_core
    printf3.o(i.__0fprintf$3) refers to fputc.o(i.fputc) for fputc
    printf3.o(i.__0printf$3) refers to printf3.o(i._printf_core) for _printf_core
    printf3.o(i.__0printf$3) refers to fputc.o(i.fputc) for fputc
    printf3.o(i.__0printf$3) refers to stdout.o(.data) for __stdout
    printf3.o(i.__0snprintf$3) refers to printf3.o(i._printf_core) for _printf_core
    printf3.o(i.__0snprintf$3) refers to printf3.o(i._snputc) for _snputc
    printf3.o(i.__0sprintf$3) refers to printf3.o(i._printf_core) for _printf_core
    printf3.o(i.__0sprintf$3) refers to printf3.o(i._sputc) for _sputc
    printf3.o(i.__0vfprintf$3) refers to printf3.o(i._printf_core) for _printf_core
    printf3.o(i.__0vfprintf$3) refers to fputc.o(i.fputc) for fputc
    printf3.o(i.__0vprintf$3) refers to printf3.o(i._printf_core) for _printf_core
    printf3.o(i.__0vprintf$3) refers to fputc.o(i.fputc) for fputc
    printf3.o(i.__0vprintf$3) refers to stdout.o(.data) for __stdout
    printf3.o(i.__0vsnprintf$3) refers to printf3.o(i._printf_core) for _printf_core
    printf3.o(i.__0vsnprintf$3) refers to printf3.o(i._snputc) for _snputc
    printf3.o(i.__0vsprintf$3) refers to printf3.o(i._printf_core) for _printf_core
    printf3.o(i.__0vsprintf$3) refers to printf3.o(i._sputc) for _sputc
    printf3.o(i._printf_core) refers to uidiv.o(.text) for __aeabi_uidivmod
    printf4.o(i.__0fprintf$4) refers to printf4.o(i._printf_core) for _printf_core
    printf4.o(i.__0fprintf$4) refers to fputc.o(i.fputc) for fputc
    printf4.o(i.__0printf$4) refers to printf4.o(i._printf_core) for _printf_core
    printf4.o(i.__0printf$4) refers to fputc.o(i.fputc) for fputc
    printf4.o(i.__0printf$4) refers to stdout.o(.data) for __stdout
    printf4.o(i.__0snprintf$4) refers to printf4.o(i._printf_core) for _printf_core
    printf4.o(i.__0snprintf$4) refers to printf4.o(i._snputc) for _snputc
    printf4.o(i.__0sprintf$4) refers to printf4.o(i._printf_core) for _printf_core
    printf4.o(i.__0sprintf$4) refers to printf4.o(i._sputc) for _sputc
    printf4.o(i.__0vfprintf$4) refers to printf4.o(i._printf_core) for _printf_core
    printf4.o(i.__0vfprintf$4) refers to fputc.o(i.fputc) for fputc
    printf4.o(i.__0vprintf$4) refers to printf4.o(i._printf_core) for _printf_core
    printf4.o(i.__0vprintf$4) refers to fputc.o(i.fputc) for fputc
    printf4.o(i.__0vprintf$4) refers to stdout.o(.data) for __stdout
    printf4.o(i.__0vsnprintf$4) refers to printf4.o(i._printf_core) for _printf_core
    printf4.o(i.__0vsnprintf$4) refers to printf4.o(i._snputc) for _snputc
    printf4.o(i.__0vsprintf$4) refers to printf4.o(i._printf_core) for _printf_core
    printf4.o(i.__0vsprintf$4) refers to printf4.o(i._sputc) for _sputc
    printf4.o(i._printf_core) refers to uldiv.o(.text) for __aeabi_uldivmod
    printf5.o(i.__0fprintf$5) refers to printf5.o(i._printf_core) for _printf_core
    printf5.o(i.__0fprintf$5) refers to fputc.o(i.fputc) for fputc
    printf5.o(i.__0printf$5) refers to printf5.o(i._printf_core) for _printf_core
    printf5.o(i.__0printf$5) refers to fputc.o(i.fputc) for fputc
    printf5.o(i.__0printf$5) refers to stdout.o(.data) for __stdout
    printf5.o(i.__0snprintf$5) refers to printf5.o(i._printf_core) for _printf_core
    printf5.o(i.__0snprintf$5) refers to printf5.o(i._snputc) for _snputc
    printf5.o(i.__0sprintf$5) refers to printf5.o(i._printf_core) for _printf_core
    printf5.o(i.__0sprintf$5) refers to printf5.o(i._sputc) for _sputc
    printf5.o(i.__0vfprintf$5) refers to printf5.o(i._printf_core) for _printf_core
    printf5.o(i.__0vfprintf$5) refers to fputc.o(i.fputc) for fputc
    printf5.o(i.__0vprintf$5) refers to printf5.o(i._printf_core) for _printf_core
    printf5.o(i.__0vprintf$5) refers to fputc.o(i.fputc) for fputc
    printf5.o(i.__0vprintf$5) refers to stdout.o(.data) for __stdout
    printf5.o(i.__0vsnprintf$5) refers to printf5.o(i._printf_core) for _printf_core
    printf5.o(i.__0vsnprintf$5) refers to printf5.o(i._snputc) for _snputc
    printf5.o(i.__0vsprintf$5) refers to printf5.o(i._printf_core) for _printf_core
    printf5.o(i.__0vsprintf$5) refers to printf5.o(i._sputc) for _sputc
    printf5.o(i._printf_core) refers to uldiv.o(.text) for __aeabi_uldivmod
    printf6.o(i.__0fprintf$6) refers to printf6.o(i._printf_core) for _printf_core
    printf6.o(i.__0fprintf$6) refers to fputc.o(i.fputc) for fputc
    printf6.o(i.__0printf$6) refers to printf6.o(i._printf_core) for _printf_core
    printf6.o(i.__0printf$6) refers to fputc.o(i.fputc) for fputc
    printf6.o(i.__0printf$6) refers to stdout.o(.data) for __stdout
    printf6.o(i.__0snprintf$6) refers to printf6.o(i._printf_core) for _printf_core
    printf6.o(i.__0snprintf$6) refers to printf6.o(i._snputc) for _snputc
    printf6.o(i.__0sprintf$6) refers to printf6.o(i._printf_core) for _printf_core
    printf6.o(i.__0sprintf$6) refers to printf6.o(i._sputc) for _sputc
    printf6.o(i.__0vfprintf$6) refers to printf6.o(i._printf_core) for _printf_core
    printf6.o(i.__0vfprintf$6) refers to fputc.o(i.fputc) for fputc
    printf6.o(i.__0vprintf$6) refers to printf6.o(i._printf_core) for _printf_core
    printf6.o(i.__0vprintf$6) refers to fputc.o(i.fputc) for fputc
    printf6.o(i.__0vprintf$6) refers to stdout.o(.data) for __stdout
    printf6.o(i.__0vsnprintf$6) refers to printf6.o(i._printf_core) for _printf_core
    printf6.o(i.__0vsnprintf$6) refers to printf6.o(i._snputc) for _snputc
    printf6.o(i.__0vsprintf$6) refers to printf6.o(i._printf_core) for _printf_core
    printf6.o(i.__0vsprintf$6) refers to printf6.o(i._sputc) for _sputc
    printf6.o(i._printf_core) refers to printf6.o(i._printf_pre_padding) for _printf_pre_padding
    printf6.o(i._printf_core) refers to uidiv.o(.text) for __aeabi_uidivmod
    printf6.o(i._printf_core) refers to printf6.o(i._printf_post_padding) for _printf_post_padding
    printf7.o(i.__0fprintf$7) refers to printf7.o(i._printf_core) for _printf_core
    printf7.o(i.__0fprintf$7) refers to fputc.o(i.fputc) for fputc
    printf7.o(i.__0printf$7) refers to printf7.o(i._printf_core) for _printf_core
    printf7.o(i.__0printf$7) refers to fputc.o(i.fputc) for fputc
    printf7.o(i.__0printf$7) refers to stdout.o(.data) for __stdout
    printf7.o(i.__0snprintf$7) refers to printf7.o(i._printf_core) for _printf_core
    printf7.o(i.__0snprintf$7) refers to printf7.o(i._snputc) for _snputc
    printf7.o(i.__0sprintf$7) refers to printf7.o(i._printf_core) for _printf_core
    printf7.o(i.__0sprintf$7) refers to printf7.o(i._sputc) for _sputc
    printf7.o(i.__0vfprintf$7) refers to printf7.o(i._printf_core) for _printf_core
    printf7.o(i.__0vfprintf$7) refers to fputc.o(i.fputc) for fputc
    printf7.o(i.__0vprintf$7) refers to printf7.o(i._printf_core) for _printf_core
    printf7.o(i.__0vprintf$7) refers to fputc.o(i.fputc) for fputc
    printf7.o(i.__0vprintf$7) refers to stdout.o(.data) for __stdout
    printf7.o(i.__0vsnprintf$7) refers to printf7.o(i._printf_core) for _printf_core
    printf7.o(i.__0vsnprintf$7) refers to printf7.o(i._snputc) for _snputc
    printf7.o(i.__0vsprintf$7) refers to printf7.o(i._printf_core) for _printf_core
    printf7.o(i.__0vsprintf$7) refers to printf7.o(i._sputc) for _sputc
    printf7.o(i._printf_core) refers to printf7.o(i._printf_pre_padding) for _printf_pre_padding
    printf7.o(i._printf_core) refers to uldiv.o(.text) for __aeabi_uldivmod
    printf7.o(i._printf_core) refers to printf7.o(i._printf_post_padding) for _printf_post_padding
    printf8.o(i.__0fprintf$8) refers to printf8.o(i._printf_core) for _printf_core
    printf8.o(i.__0fprintf$8) refers to fputc.o(i.fputc) for fputc
    printf8.o(i.__0printf$8) refers to printf8.o(i._printf_core) for _printf_core
    printf8.o(i.__0printf$8) refers to fputc.o(i.fputc) for fputc
    printf8.o(i.__0printf$8) refers to stdout.o(.data) for __stdout
    printf8.o(i.__0snprintf$8) refers to printf8.o(i._printf_core) for _printf_core
    printf8.o(i.__0snprintf$8) refers to printf8.o(i._snputc) for _snputc
    printf8.o(i.__0sprintf$8) refers to printf8.o(i._printf_core) for _printf_core
    printf8.o(i.__0sprintf$8) refers to printf8.o(i._sputc) for _sputc
    printf8.o(i.__0vfprintf$8) refers to printf8.o(i._printf_core) for _printf_core
    printf8.o(i.__0vfprintf$8) refers to fputc.o(i.fputc) for fputc
    printf8.o(i.__0vprintf$8) refers to printf8.o(i._printf_core) for _printf_core
    printf8.o(i.__0vprintf$8) refers to fputc.o(i.fputc) for fputc
    printf8.o(i.__0vprintf$8) refers to stdout.o(.data) for __stdout
    printf8.o(i.__0vsnprintf$8) refers to printf8.o(i._printf_core) for _printf_core
    printf8.o(i.__0vsnprintf$8) refers to printf8.o(i._snputc) for _snputc
    printf8.o(i.__0vsprintf$8) refers to printf8.o(i._printf_core) for _printf_core
    printf8.o(i.__0vsprintf$8) refers to printf8.o(i._sputc) for _sputc
    printf8.o(i._printf_core) refers to printf8.o(i._printf_pre_padding) for _printf_pre_padding
    printf8.o(i._printf_core) refers to uldiv.o(.text) for __aeabi_uldivmod
    printf8.o(i._printf_core) refers to printf8.o(i._printf_post_padding) for _printf_post_padding
    printfa.o(i.__0fprintf) refers (Special) to iusefp.o(.text) for __I$use$fp
    printfa.o(i.__0fprintf) refers to printfa.o(i._printf_core) for _printf_core
    printfa.o(i.__0fprintf) refers to fputc.o(i.fputc) for fputc
    printfa.o(i.__0printf) refers (Special) to iusefp.o(.text) for __I$use$fp
    printfa.o(i.__0printf) refers to printfa.o(i._printf_core) for _printf_core
    printfa.o(i.__0printf) refers to fputc.o(i.fputc) for fputc
    printfa.o(i.__0printf) refers to stdout.o(.data) for __stdout
    printfa.o(i.__0snprintf) refers (Special) to iusefp.o(.text) for __I$use$fp
    printfa.o(i.__0snprintf) refers to printfa.o(i._printf_core) for _printf_core
    printfa.o(i.__0snprintf) refers to printfa.o(i._snputc) for _snputc
    printfa.o(i.__0sprintf) refers (Special) to iusefp.o(.text) for __I$use$fp
    printfa.o(i.__0sprintf) refers to printfa.o(i._printf_core) for _printf_core
    printfa.o(i.__0sprintf) refers to printfa.o(i._sputc) for _sputc
    printfa.o(i.__0vfprintf) refers (Special) to iusefp.o(.text) for __I$use$fp
    printfa.o(i.__0vfprintf) refers to printfa.o(i._printf_core) for _printf_core
    printfa.o(i.__0vfprintf) refers to fputc.o(i.fputc) for fputc
    printfa.o(i.__0vprintf) refers (Special) to iusefp.o(.text) for __I$use$fp
    printfa.o(i.__0vprintf) refers to printfa.o(i._printf_core) for _printf_core
    printfa.o(i.__0vprintf) refers to fputc.o(i.fputc) for fputc
    printfa.o(i.__0vprintf) refers to stdout.o(.data) for __stdout
    printfa.o(i.__0vsnprintf) refers (Special) to iusefp.o(.text) for __I$use$fp
    printfa.o(i.__0vsnprintf) refers to printfa.o(i._printf_core) for _printf_core
    printfa.o(i.__0vsnprintf) refers to printfa.o(i._snputc) for _snputc
    printfa.o(i.__0vsprintf) refers (Special) to iusefp.o(.text) for __I$use$fp
    printfa.o(i.__0vsprintf) refers to printfa.o(i._printf_core) for _printf_core
    printfa.o(i.__0vsprintf) refers to printfa.o(i._sputc) for _sputc
    printfa.o(i._fp_digits) refers (Special) to iusefp.o(.text) for __I$use$fp
    printfa.o(i._fp_digits) refers to dmul.o(.text) for __aeabi_dmul
    printfa.o(i._fp_digits) refers to ddiv.o(.text) for __aeabi_ddiv
    printfa.o(i._fp_digits) refers to cdrcmple.o(.text) for __aeabi_cdrcmple
    printfa.o(i._fp_digits) refers to dadd.o(.text) for __aeabi_dadd
    printfa.o(i._fp_digits) refers to dfixul.o(.text) for __aeabi_d2ulz
    printfa.o(i._fp_digits) refers to uldiv.o(.text) for __aeabi_uldivmod
    printfa.o(i._printf_core) refers (Special) to iusefp.o(.text) for __I$use$fp
    printfa.o(i._printf_core) refers to printfa.o(i._printf_pre_padding) for _printf_pre_padding
    printfa.o(i._printf_core) refers to uldiv.o(.text) for __aeabi_uldivmod
    printfa.o(i._printf_core) refers to printfa.o(i._printf_post_padding) for _printf_post_padding
    printfa.o(i._printf_core) refers to printfa.o(i._fp_digits) for _fp_digits
    printfa.o(i._printf_core) refers to uidiv.o(.text) for __aeabi_uidivmod
    printfa.o(i._printf_post_padding) refers (Special) to iusefp.o(.text) for __I$use$fp
    printfa.o(i._printf_pre_padding) refers (Special) to iusefp.o(.text) for __I$use$fp
    printfa.o(i._snputc) refers (Special) to iusefp.o(.text) for __I$use$fp
    printfa.o(i._sputc) refers (Special) to iusefp.o(.text) for __I$use$fp
    entry2.o(.ARM.Collect$$$$00000001) refers to entry2.o(.ARM.Collect$$$$00002712) for __lit__00000000
    entry2.o(.ARM.Collect$$$$00002712) refers to startup_stm32l151xba.o(STACK) for __initial_sp
    entry2.o(__vectab_stack_and_reset_area) refers to startup_stm32l151xba.o(STACK) for __initial_sp
    entry2.o(__vectab_stack_and_reset_area) refers to entry.o(.ARM.Collect$$$$00000000) for __main
    entry5.o(.ARM.Collect$$$$00000004) refers to init.o(.text) for __scatterload
    entry9a.o(.ARM.Collect$$$$0000000B) refers to main.o(i.main) for main
    entry9b.o(.ARM.Collect$$$$0000000C) refers to main.o(i.main) for main
    fputc.o(i.fputc) refers (Special) to iusesemip.o(.text) for __I$use$semihosting$fputc
    fputc.o(i.fputc) refers (Special) to semi.o(.text) for __semihosting_library_function
    uldiv.o(.text) refers to llushr.o(.text) for __aeabi_llsr
    uldiv.o(.text) refers to llshl.o(.text) for __aeabi_llsl
    dadd.o(.text) refers to llshl.o(.text) for __aeabi_llsl
    dadd.o(.text) refers to llsshr.o(.text) for __aeabi_lasr
    dadd.o(.text) refers to depilogue.o(.text) for _double_epilogue
    dmul.o(.text) refers to depilogue.o(.text) for _double_epilogue
    ddiv.o(.text) refers to depilogue.o(.text) for _double_round
    dfixul.o(.text) refers to llushr.o(.text) for __aeabi_llsr
    dfixul.o(.text) refers to llshl.o(.text) for __aeabi_llsl
    init.o(.text) refers to entry5.o(.ARM.Collect$$$$00000004) for __main_after_scatterload
    depilogue.o(.text) refers to llshl.o(.text) for __aeabi_llsl
    depilogue.o(.text) refers to llushr.o(.text) for __aeabi_llsr


==============================================================================

Removing Unused input sections from the image.

    Removing stm32l1xx_hal_tim_ex.o(.rev16_text), (4 bytes).
    Removing stm32l1xx_hal_tim_ex.o(.revsh_text), (4 bytes).
    Removing stm32l1xx_hal_tim_ex.o(.rrx_text), (6 bytes).
    Removing stm32l1xx_hal_cortex.o(.rev16_text), (4 bytes).
    Removing stm32l1xx_hal_cortex.o(.revsh_text), (4 bytes).
    Removing stm32l1xx_hal_cortex.o(.rrx_text), (6 bytes).
    Removing stm32l1xx_hal_cortex.o(i.HAL_MPU_ConfigRegion), (84 bytes).
    Removing stm32l1xx_hal_cortex.o(i.HAL_MPU_Disable), (16 bytes).
    Removing stm32l1xx_hal_cortex.o(i.HAL_MPU_Enable), (24 bytes).
    Removing stm32l1xx_hal_cortex.o(i.HAL_NVIC_ClearPendingIRQ), (22 bytes).
    Removing stm32l1xx_hal_cortex.o(i.HAL_NVIC_DisableIRQ), (22 bytes).
    Removing stm32l1xx_hal_cortex.o(i.HAL_NVIC_EnableIRQ), (22 bytes).
    Removing stm32l1xx_hal_cortex.o(i.HAL_NVIC_GetActive), (32 bytes).
    Removing stm32l1xx_hal_cortex.o(i.HAL_NVIC_GetPendingIRQ), (32 bytes).
    Removing stm32l1xx_hal_cortex.o(i.HAL_NVIC_GetPriority), (82 bytes).
    Removing stm32l1xx_hal_cortex.o(i.HAL_NVIC_GetPriorityGrouping), (16 bytes).
    Removing stm32l1xx_hal_cortex.o(i.HAL_NVIC_SetPendingIRQ), (22 bytes).
    Removing stm32l1xx_hal_cortex.o(i.HAL_NVIC_SystemReset), (36 bytes).
    Removing stm32l1xx_hal_flash_ex.o(.rev16_text), (4 bytes).
    Removing stm32l1xx_hal_flash_ex.o(.revsh_text), (4 bytes).
    Removing stm32l1xx_hal_flash_ex.o(.rrx_text), (6 bytes).
    Removing stm32l1xx_hal_flash_ex.o(i.FLASH_OB_PCROPConfig), (60 bytes).
    Removing stm32l1xx_hal_flash_ex.o(i.FLASH_OB_WRPConfig), (52 bytes).
    Removing stm32l1xx_hal_flash_ex.o(i.FLASH_OB_WRPConfigWRP1OrPCROP1), (56 bytes).
    Removing stm32l1xx_hal_flash_ex.o(i.FLASH_PageErase), (40 bytes).
    Removing stm32l1xx_hal_flash_ex.o(i.HAL_FLASHEx_AdvOBGetConfig), (44 bytes).
    Removing stm32l1xx_hal_flash_ex.o(i.HAL_FLASHEx_AdvOBProgram), (30 bytes).
    Removing stm32l1xx_hal_flash_ex.o(i.HAL_FLASHEx_DATAEEPROM_DisableFixedTimeProgram), (16 bytes).
    Removing stm32l1xx_hal_flash_ex.o(i.HAL_FLASHEx_DATAEEPROM_EnableFixedTimeProgram), (16 bytes).
    Removing stm32l1xx_hal_flash_ex.o(i.HAL_FLASHEx_DATAEEPROM_Erase), (64 bytes).
    Removing stm32l1xx_hal_flash_ex.o(i.HAL_FLASHEx_DATAEEPROM_Lock), (20 bytes).
    Removing stm32l1xx_hal_flash_ex.o(i.HAL_FLASHEx_DATAEEPROM_Program), (224 bytes).
    Removing stm32l1xx_hal_flash_ex.o(i.HAL_FLASHEx_DATAEEPROM_Unlock), (40 bytes).
    Removing stm32l1xx_hal_flash_ex.o(i.HAL_FLASHEx_Erase), (128 bytes).
    Removing stm32l1xx_hal_flash_ex.o(i.HAL_FLASHEx_Erase_IT), (88 bytes).
    Removing stm32l1xx_hal_flash_ex.o(i.HAL_FLASHEx_OBGetConfig), (44 bytes).
    Removing stm32l1xx_hal_flash_ex.o(i.HAL_FLASHEx_OBProgram), (248 bytes).
    Removing stm32l1xx_hal_flash_ex.o(i.HAL_FLASHEx_OB_DeSelectPCROP), (52 bytes).
    Removing stm32l1xx_hal_flash_ex.o(i.HAL_FLASHEx_OB_SelectPCROP), (56 bytes).
    Removing stm32l1xx_hal_pwr.o(.rev16_text), (4 bytes).
    Removing stm32l1xx_hal_pwr.o(.revsh_text), (4 bytes).
    Removing stm32l1xx_hal_pwr.o(.rrx_text), (6 bytes).
    Removing stm32l1xx_hal_pwr.o(i.HAL_PWR_ConfigPVD), (124 bytes).
    Removing stm32l1xx_hal_pwr.o(i.HAL_PWR_DeInit), (24 bytes).
    Removing stm32l1xx_hal_pwr.o(i.HAL_PWR_DisableBkUpAccess), (28 bytes).
    Removing stm32l1xx_hal_pwr.o(i.HAL_PWR_DisablePVD), (24 bytes).
    Removing stm32l1xx_hal_pwr.o(i.HAL_PWR_DisableSEVOnPend), (16 bytes).
    Removing stm32l1xx_hal_pwr.o(i.HAL_PWR_DisableSleepOnExit), (16 bytes).
    Removing stm32l1xx_hal_pwr.o(i.HAL_PWR_DisableWakeUpPin), (28 bytes).
    Removing stm32l1xx_hal_pwr.o(i.HAL_PWR_EnableBkUpAccess), (24 bytes).
    Removing stm32l1xx_hal_pwr.o(i.HAL_PWR_EnablePVD), (24 bytes).
    Removing stm32l1xx_hal_pwr.o(i.HAL_PWR_EnableSEVOnPend), (16 bytes).
    Removing stm32l1xx_hal_pwr.o(i.HAL_PWR_EnableSleepOnExit), (16 bytes).
    Removing stm32l1xx_hal_pwr.o(i.HAL_PWR_EnableWakeUpPin), (28 bytes).
    Removing stm32l1xx_hal_pwr.o(i.HAL_PWR_EnterSLEEPMode), (48 bytes).
    Removing stm32l1xx_hal_pwr.o(i.HAL_PWR_EnterSTANDBYMode), (32 bytes).
    Removing stm32l1xx_hal_pwr.o(i.HAL_PWR_EnterSTOPMode), (56 bytes).
    Removing stm32l1xx_hal_pwr.o(i.HAL_PWR_PVDCallback), (2 bytes).
    Removing stm32l1xx_hal_pwr.o(i.HAL_PWR_PVD_IRQHandler), (28 bytes).
    Removing stm32l1xx_hal_rcc.o(.rev16_text), (4 bytes).
    Removing stm32l1xx_hal_rcc.o(.revsh_text), (4 bytes).
    Removing stm32l1xx_hal_rcc.o(.rrx_text), (6 bytes).
    Removing stm32l1xx_hal_rcc.o(i.HAL_RCC_CSSCallback), (2 bytes).
    Removing stm32l1xx_hal_rcc.o(i.HAL_RCC_DeInit), (112 bytes).
    Removing stm32l1xx_hal_rcc.o(i.HAL_RCC_DisableCSS), (28 bytes).
    Removing stm32l1xx_hal_rcc.o(i.HAL_RCC_EnableCSS), (24 bytes).
    Removing stm32l1xx_hal_rcc.o(i.HAL_RCC_GetClockConfig), (64 bytes).
    Removing stm32l1xx_hal_rcc.o(i.HAL_RCC_GetOscConfig), (208 bytes).
    Removing stm32l1xx_hal_rcc.o(i.HAL_RCC_MCOConfig), (80 bytes).
    Removing stm32l1xx_hal_rcc.o(i.HAL_RCC_NMI_IRQHandler), (28 bytes).
    Removing stm32l1xx_hal_gpio.o(.rev16_text), (4 bytes).
    Removing stm32l1xx_hal_gpio.o(.revsh_text), (4 bytes).
    Removing stm32l1xx_hal_gpio.o(.rrx_text), (6 bytes).
    Removing stm32l1xx_hal_gpio.o(i.HAL_GPIO_DeInit), (288 bytes).
    Removing stm32l1xx_hal_gpio.o(i.HAL_GPIO_EXTI_Callback), (2 bytes).
    Removing stm32l1xx_hal_gpio.o(i.HAL_GPIO_EXTI_IRQHandler), (24 bytes).
    Removing stm32l1xx_hal_gpio.o(i.HAL_GPIO_LockPin), (34 bytes).
    Removing stm32l1xx_hal_gpio.o(i.HAL_GPIO_ReadPin), (10 bytes).
    Removing stm32l1xx_hal_gpio.o(i.HAL_GPIO_TogglePin), (8 bytes).
    Removing stm32l1xx_hal_i2c.o(.rev16_text), (4 bytes).
    Removing stm32l1xx_hal_i2c.o(.revsh_text), (4 bytes).
    Removing stm32l1xx_hal_i2c.o(.rrx_text), (6 bytes).
    Removing stm32l1xx_hal_i2c.o(i.HAL_I2C_AbortCpltCallback), (2 bytes).
    Removing stm32l1xx_hal_i2c.o(i.HAL_I2C_AddrCallback), (2 bytes).
    Removing stm32l1xx_hal_i2c.o(i.HAL_I2C_DeInit), (50 bytes).
    Removing stm32l1xx_hal_i2c.o(i.HAL_I2C_DisableListen_IT), (68 bytes).
    Removing stm32l1xx_hal_i2c.o(i.HAL_I2C_ER_IRQHandler), (204 bytes).
    Removing stm32l1xx_hal_i2c.o(i.HAL_I2C_EV_IRQHandler), (500 bytes).
    Removing stm32l1xx_hal_i2c.o(i.HAL_I2C_EnableListen_IT), (58 bytes).
    Removing stm32l1xx_hal_i2c.o(i.HAL_I2C_ErrorCallback), (2 bytes).
    Removing stm32l1xx_hal_i2c.o(i.HAL_I2C_GetError), (4 bytes).
    Removing stm32l1xx_hal_i2c.o(i.HAL_I2C_GetMode), (6 bytes).
    Removing stm32l1xx_hal_i2c.o(i.HAL_I2C_GetState), (6 bytes).
    Removing stm32l1xx_hal_i2c.o(i.HAL_I2C_IsDeviceReady), (344 bytes).
    Removing stm32l1xx_hal_i2c.o(i.HAL_I2C_ListenCpltCallback), (2 bytes).
    Removing stm32l1xx_hal_i2c.o(i.HAL_I2C_MasterRxCpltCallback), (2 bytes).
    Removing stm32l1xx_hal_i2c.o(i.HAL_I2C_MasterTxCpltCallback), (2 bytes).
    Removing stm32l1xx_hal_i2c.o(i.HAL_I2C_Master_Abort_IT), (86 bytes).
    Removing stm32l1xx_hal_i2c.o(i.HAL_I2C_Master_Receive), (484 bytes).
    Removing stm32l1xx_hal_i2c.o(i.HAL_I2C_Master_Receive_DMA), (284 bytes).
    Removing stm32l1xx_hal_i2c.o(i.HAL_I2C_Master_Receive_IT), (188 bytes).
    Removing stm32l1xx_hal_i2c.o(i.HAL_I2C_Master_Sequential_Receive_IT), (224 bytes).
    Removing stm32l1xx_hal_i2c.o(i.HAL_I2C_Master_Sequential_Transmit_IT), (208 bytes).
    Removing stm32l1xx_hal_i2c.o(i.HAL_I2C_Master_Transmit), (308 bytes).
    Removing stm32l1xx_hal_i2c.o(i.HAL_I2C_Master_Transmit_DMA), (284 bytes).
    Removing stm32l1xx_hal_i2c.o(i.HAL_I2C_Master_Transmit_IT), (180 bytes).
    Removing stm32l1xx_hal_i2c.o(i.HAL_I2C_MemRxCpltCallback), (2 bytes).
    Removing stm32l1xx_hal_i2c.o(i.HAL_I2C_MemTxCpltCallback), (2 bytes).
    Removing stm32l1xx_hal_i2c.o(i.HAL_I2C_Mem_Read), (568 bytes).
    Removing stm32l1xx_hal_i2c.o(i.HAL_I2C_Mem_Read_DMA), (280 bytes).
    Removing stm32l1xx_hal_i2c.o(i.HAL_I2C_Mem_Read_IT), (272 bytes).
    Removing stm32l1xx_hal_i2c.o(i.HAL_I2C_Mem_Write_DMA), (256 bytes).
    Removing stm32l1xx_hal_i2c.o(i.HAL_I2C_Mem_Write_IT), (196 bytes).
    Removing stm32l1xx_hal_i2c.o(i.HAL_I2C_MspDeInit), (2 bytes).
    Removing stm32l1xx_hal_i2c.o(i.HAL_I2C_MspInit), (2 bytes).
    Removing stm32l1xx_hal_i2c.o(i.HAL_I2C_SlaveRxCpltCallback), (2 bytes).
    Removing stm32l1xx_hal_i2c.o(i.HAL_I2C_SlaveTxCpltCallback), (2 bytes).
    Removing stm32l1xx_hal_i2c.o(i.HAL_I2C_Slave_Receive), (380 bytes).
    Removing stm32l1xx_hal_i2c.o(i.HAL_I2C_Slave_Receive_DMA), (180 bytes).
    Removing stm32l1xx_hal_i2c.o(i.HAL_I2C_Slave_Receive_IT), (124 bytes).
    Removing stm32l1xx_hal_i2c.o(i.HAL_I2C_Slave_Sequential_Receive_IT), (114 bytes).
    Removing stm32l1xx_hal_i2c.o(i.HAL_I2C_Slave_Sequential_Transmit_IT), (114 bytes).
    Removing stm32l1xx_hal_i2c.o(i.HAL_I2C_Slave_Transmit), (356 bytes).
    Removing stm32l1xx_hal_i2c.o(i.HAL_I2C_Slave_Transmit_DMA), (180 bytes).
    Removing stm32l1xx_hal_i2c.o(i.HAL_I2C_Slave_Transmit_IT), (124 bytes).
    Removing stm32l1xx_hal_i2c.o(i.I2C_DMAAbort), (78 bytes).
    Removing stm32l1xx_hal_i2c.o(i.I2C_DMAError), (42 bytes).
    Removing stm32l1xx_hal_i2c.o(i.I2C_DMAXferCplt), (138 bytes).
    Removing stm32l1xx_hal_i2c.o(i.I2C_ITError), (292 bytes).
    Removing stm32l1xx_hal_i2c.o(i.I2C_MasterReceive_BTF), (208 bytes).
    Removing stm32l1xx_hal_i2c.o(i.I2C_MasterReceive_RXNE), (186 bytes).
    Removing stm32l1xx_hal_i2c.o(i.I2C_MasterRequestRead), (226 bytes).
    Removing stm32l1xx_hal_i2c.o(i.I2C_MasterRequestWrite), (152 bytes).
    Removing stm32l1xx_hal_i2c.o(i.I2C_MasterTransmit_BTF), (132 bytes).
    Removing stm32l1xx_hal_i2c.o(i.I2C_MasterTransmit_TXE), (176 bytes).
    Removing stm32l1xx_hal_i2c.o(i.I2C_Master_ADDR), (250 bytes).
    Removing stm32l1xx_hal_i2c.o(i.I2C_Master_SB), (90 bytes).
    Removing stm32l1xx_hal_i2c.o(i.I2C_RequestMemoryRead), (240 bytes).
    Removing stm32l1xx_hal_i2c.o(i.I2C_Slave_AF), (136 bytes).
    Removing stm32l1xx_hal_i2c.o(i.I2C_Slave_STOPF), (232 bytes).
    Removing stm32l1xx_hal_i2c.o(i.I2C_WaitOnRXNEFlagUntilTimeout), (98 bytes).
    Removing stm32l1xx_hal_pwr_ex.o(.rev16_text), (4 bytes).
    Removing stm32l1xx_hal_pwr_ex.o(.revsh_text), (4 bytes).
    Removing stm32l1xx_hal_pwr_ex.o(.rrx_text), (6 bytes).
    Removing stm32l1xx_hal_pwr_ex.o(i.HAL_PWREx_DisableFastWakeUp), (28 bytes).
    Removing stm32l1xx_hal_pwr_ex.o(i.HAL_PWREx_DisableLowPowerRunMode), (44 bytes).
    Removing stm32l1xx_hal_pwr_ex.o(i.HAL_PWREx_DisableUltraLowPower), (28 bytes).
    Removing stm32l1xx_hal_pwr_ex.o(i.HAL_PWREx_EnableFastWakeUp), (24 bytes).
    Removing stm32l1xx_hal_pwr_ex.o(i.HAL_PWREx_EnableLowPowerRunMode), (36 bytes).
    Removing stm32l1xx_hal_pwr_ex.o(i.HAL_PWREx_EnableUltraLowPower), (24 bytes).
    Removing stm32l1xx_hal_pwr_ex.o(i.HAL_PWREx_GetVoltageRange), (16 bytes).
    Removing stm32l1xx_hal_flash_ramfunc.o(.rev16_text), (4 bytes).
    Removing stm32l1xx_hal_flash_ramfunc.o(.revsh_text), (4 bytes).
    Removing stm32l1xx_hal_flash_ramfunc.o(.rrx_text), (6 bytes).
    Removing stm32l1xx_hal_flash_ramfunc.o(i.FLASHRAM_SetErrorCode), (92 bytes).
    Removing stm32l1xx_hal_flash_ramfunc.o(i.FLASHRAM_WaitForLastOperation), (76 bytes).
    Removing stm32l1xx_hal_flash_ramfunc.o(i.HAL_FLASHEx_DATAEEPROM_EraseDoubleWord), (92 bytes).
    Removing stm32l1xx_hal_flash_ramfunc.o(i.HAL_FLASHEx_DATAEEPROM_ProgramDoubleWord), (96 bytes).
    Removing stm32l1xx_hal_flash_ramfunc.o(i.HAL_FLASHEx_DisableRunPowerDown), (40 bytes).
    Removing stm32l1xx_hal_flash_ramfunc.o(i.HAL_FLASHEx_EnableRunPowerDown), (40 bytes).
    Removing stm32l1xx_hal_flash_ramfunc.o(i.HAL_FLASHEx_GetError), (16 bytes).
    Removing stm32l1xx_hal_flash_ramfunc.o(i.HAL_FLASHEx_HalfPageProgram), (116 bytes).
    Removing stm32l1xx_hal_uart.o(.rev16_text), (4 bytes).
    Removing stm32l1xx_hal_uart.o(.revsh_text), (4 bytes).
    Removing stm32l1xx_hal_uart.o(.rrx_text), (6 bytes).
    Removing stm32l1xx_hal_uart.o(i.HAL_HalfDuplex_EnableReceiver), (46 bytes).
    Removing stm32l1xx_hal_uart.o(i.HAL_HalfDuplex_EnableTransmitter), (48 bytes).
    Removing stm32l1xx_hal_uart.o(i.HAL_HalfDuplex_Init), (104 bytes).
    Removing stm32l1xx_hal_uart.o(i.HAL_LIN_Init), (118 bytes).
    Removing stm32l1xx_hal_uart.o(i.HAL_LIN_SendBreak), (44 bytes).
    Removing stm32l1xx_hal_uart.o(i.HAL_MultiProcessor_EnterMuteMode), (44 bytes).
    Removing stm32l1xx_hal_uart.o(i.HAL_MultiProcessor_ExitMuteMode), (44 bytes).
    Removing stm32l1xx_hal_uart.o(i.HAL_MultiProcessor_Init), (126 bytes).
    Removing stm32l1xx_hal_uart.o(i.HAL_UART_DMAPause), (90 bytes).
    Removing stm32l1xx_hal_uart.o(i.HAL_UART_DMAResume), (104 bytes).
    Removing stm32l1xx_hal_uart.o(i.HAL_UART_DMAStop), (40 bytes).
    Removing stm32l1xx_hal_uart.o(i.HAL_UART_DeInit), (60 bytes).
    Removing stm32l1xx_hal_uart.o(i.HAL_UART_ErrorCallback), (2 bytes).
    Removing stm32l1xx_hal_uart.o(i.HAL_UART_GetError), (4 bytes).
    Removing stm32l1xx_hal_uart.o(i.HAL_UART_GetState), (6 bytes).
    Removing stm32l1xx_hal_uart.o(i.HAL_UART_IRQHandler), (218 bytes).
    Removing stm32l1xx_hal_uart.o(i.HAL_UART_MspDeInit), (2 bytes).
    Removing stm32l1xx_hal_uart.o(i.HAL_UART_MspInit), (2 bytes).
    Removing stm32l1xx_hal_uart.o(i.HAL_UART_Receive), (204 bytes).
    Removing stm32l1xx_hal_uart.o(i.HAL_UART_Receive_DMA), (136 bytes).
    Removing stm32l1xx_hal_uart.o(i.HAL_UART_Receive_IT), (106 bytes).
    Removing stm32l1xx_hal_uart.o(i.HAL_UART_RxCpltCallback), (2 bytes).
    Removing stm32l1xx_hal_uart.o(i.HAL_UART_RxHalfCpltCallback), (2 bytes).
    Removing stm32l1xx_hal_uart.o(i.HAL_UART_Transmit), (204 bytes).
    Removing stm32l1xx_hal_uart.o(i.HAL_UART_Transmit_DMA), (144 bytes).
    Removing stm32l1xx_hal_uart.o(i.HAL_UART_Transmit_IT), (86 bytes).
    Removing stm32l1xx_hal_uart.o(i.HAL_UART_TxCpltCallback), (2 bytes).
    Removing stm32l1xx_hal_uart.o(i.HAL_UART_TxHalfCpltCallback), (2 bytes).
    Removing stm32l1xx_hal_uart.o(i.UART_DMAError), (30 bytes).
    Removing stm32l1xx_hal_uart.o(i.UART_DMAReceiveCplt), (54 bytes).
    Removing stm32l1xx_hal_uart.o(i.UART_DMARxHalfCplt), (10 bytes).
    Removing stm32l1xx_hal_uart.o(i.UART_DMATransmitCplt), (46 bytes).
    Removing stm32l1xx_hal_uart.o(i.UART_DMATxHalfCplt), (10 bytes).
    Removing stm32l1xx_hal_uart.o(i.UART_Receive_IT), (168 bytes).
    Removing stm32l1xx_hal_uart.o(i.UART_Transmit_IT), (102 bytes).
    Removing stm32l1xx_hal_uart.o(i.UART_WaitOnFlagUntilTimeout), (146 bytes).
    Removing stm32l1xx_hal_rcc_ex.o(.rev16_text), (4 bytes).
    Removing stm32l1xx_hal_rcc_ex.o(.revsh_text), (4 bytes).
    Removing stm32l1xx_hal_rcc_ex.o(.rrx_text), (6 bytes).
    Removing stm32l1xx_hal_rcc_ex.o(i.HAL_RCCEx_DisableLSECSS), (44 bytes).
    Removing stm32l1xx_hal_rcc_ex.o(i.HAL_RCCEx_EnableLSECSS), (28 bytes).
    Removing stm32l1xx_hal_rcc_ex.o(i.HAL_RCCEx_EnableLSECSS_IT), (68 bytes).
    Removing stm32l1xx_hal_rcc_ex.o(i.HAL_RCCEx_GetPeriphCLKConfig), (44 bytes).
    Removing stm32l1xx_hal_rcc_ex.o(i.HAL_RCCEx_GetPeriphCLKFreq), (128 bytes).
    Removing stm32l1xx_hal_rcc_ex.o(i.HAL_RCCEx_LSECSS_Callback), (2 bytes).
    Removing stm32l1xx_hal_rcc_ex.o(i.HAL_RCCEx_LSECSS_IRQHandler), (28 bytes).
    Removing stm32l1xx_hal_rcc_ex.o(i.HAL_RCCEx_PeriphCLKConfig), (360 bytes).
    Removing stm32l1xx_hal_flash.o(.rev16_text), (4 bytes).
    Removing stm32l1xx_hal_flash.o(.revsh_text), (4 bytes).
    Removing stm32l1xx_hal_flash.o(.rrx_text), (6 bytes).
    Removing stm32l1xx_hal_flash.o(i.FLASH_SetErrorCode), (88 bytes).
    Removing stm32l1xx_hal_flash.o(i.FLASH_WaitForLastOperation), (92 bytes).
    Removing stm32l1xx_hal_flash.o(i.HAL_FLASH_EndOfOperationCallback), (2 bytes).
    Removing stm32l1xx_hal_flash.o(i.HAL_FLASH_GetError), (12 bytes).
    Removing stm32l1xx_hal_flash.o(i.HAL_FLASH_IRQHandler), (212 bytes).
    Removing stm32l1xx_hal_flash.o(i.HAL_FLASH_Lock), (20 bytes).
    Removing stm32l1xx_hal_flash.o(i.HAL_FLASH_OB_Launch), (24 bytes).
    Removing stm32l1xx_hal_flash.o(i.HAL_FLASH_OB_Lock), (20 bytes).
    Removing stm32l1xx_hal_flash.o(i.HAL_FLASH_OB_Unlock), (68 bytes).
    Removing stm32l1xx_hal_flash.o(i.HAL_FLASH_OperationErrorCallback), (2 bytes).
    Removing stm32l1xx_hal_flash.o(i.HAL_FLASH_Program), (60 bytes).
    Removing stm32l1xx_hal_flash.o(i.HAL_FLASH_Program_IT), (60 bytes).
    Removing stm32l1xx_hal_flash.o(i.HAL_FLASH_Unlock), (68 bytes).
    Removing stm32l1xx_hal_flash.o(.bss), (24 bytes).
    Removing stm32l1xx_hal_dma.o(.rev16_text), (4 bytes).
    Removing stm32l1xx_hal_dma.o(.revsh_text), (4 bytes).
    Removing stm32l1xx_hal_dma.o(.rrx_text), (6 bytes).
    Removing stm32l1xx_hal_dma.o(i.DMA_SetConfig), (42 bytes).
    Removing stm32l1xx_hal_dma.o(i.HAL_DMA_Abort), (48 bytes).
    Removing stm32l1xx_hal_dma.o(i.HAL_DMA_Abort_IT), (74 bytes).
    Removing stm32l1xx_hal_dma.o(i.HAL_DMA_DeInit), (88 bytes).
    Removing stm32l1xx_hal_dma.o(i.HAL_DMA_GetError), (4 bytes).
    Removing stm32l1xx_hal_dma.o(i.HAL_DMA_GetState), (6 bytes).
    Removing stm32l1xx_hal_dma.o(i.HAL_DMA_IRQHandler), (168 bytes).
    Removing stm32l1xx_hal_dma.o(i.HAL_DMA_Init), (100 bytes).
    Removing stm32l1xx_hal_dma.o(i.HAL_DMA_PollForTransfer), (206 bytes).
    Removing stm32l1xx_hal_dma.o(i.HAL_DMA_RegisterCallback), (74 bytes).
    Removing stm32l1xx_hal_dma.o(i.HAL_DMA_Start), (80 bytes).
    Removing stm32l1xx_hal_dma.o(i.HAL_DMA_Start_IT), (112 bytes).
    Removing stm32l1xx_hal_dma.o(i.HAL_DMA_UnRegisterCallback), (82 bytes).
    Removing stm32l1xx_hal.o(.rev16_text), (4 bytes).
    Removing stm32l1xx_hal.o(.revsh_text), (4 bytes).
    Removing stm32l1xx_hal.o(.rrx_text), (6 bytes).
    Removing stm32l1xx_hal.o(i.HAL_DBGMCU_DisableDBGSleepMode), (16 bytes).
    Removing stm32l1xx_hal.o(i.HAL_DBGMCU_DisableDBGStandbyMode), (16 bytes).
    Removing stm32l1xx_hal.o(i.HAL_DBGMCU_DisableDBGStopMode), (16 bytes).
    Removing stm32l1xx_hal.o(i.HAL_DBGMCU_EnableDBGSleepMode), (16 bytes).
    Removing stm32l1xx_hal.o(i.HAL_DBGMCU_EnableDBGStandbyMode), (16 bytes).
    Removing stm32l1xx_hal.o(i.HAL_DBGMCU_EnableDBGStopMode), (16 bytes).
    Removing stm32l1xx_hal.o(i.HAL_DeInit), (40 bytes).
    Removing stm32l1xx_hal.o(i.HAL_GetDEVID), (16 bytes).
    Removing stm32l1xx_hal.o(i.HAL_GetHalVersion), (8 bytes).
    Removing stm32l1xx_hal.o(i.HAL_GetREVID), (12 bytes).
    Removing stm32l1xx_hal.o(i.HAL_MspDeInit), (2 bytes).
    Removing stm32l1xx_hal.o(i.HAL_MspInit), (2 bytes).
    Removing stm32l1xx_hal.o(i.HAL_ResumeTick), (14 bytes).
    Removing stm32l1xx_hal.o(i.HAL_SuspendTick), (14 bytes).
    Removing stm32l1xx_hal_tim.o(.rev16_text), (4 bytes).
    Removing stm32l1xx_hal_tim.o(.revsh_text), (4 bytes).
    Removing stm32l1xx_hal_tim.o(.rrx_text), (6 bytes).
    Removing stm32l1xx_it.o(.rev16_text), (4 bytes).
    Removing stm32l1xx_it.o(.revsh_text), (4 bytes).
    Removing stm32l1xx_it.o(.rrx_text), (6 bytes).
    Removing main.o(.rev16_text), (4 bytes).
    Removing main.o(.revsh_text), (4 bytes).
    Removing main.o(.rrx_text), (6 bytes).
    Removing stm32l1xx_hal_msp.o(.rev16_text), (4 bytes).
    Removing stm32l1xx_hal_msp.o(.revsh_text), (4 bytes).
    Removing stm32l1xx_hal_msp.o(.rrx_text), (6 bytes).
    Removing gpio.o(.rev16_text), (4 bytes).
    Removing gpio.o(.revsh_text), (4 bytes).
    Removing gpio.o(.rrx_text), (6 bytes).
    Removing i2c.o(.rev16_text), (4 bytes).
    Removing i2c.o(.revsh_text), (4 bytes).
    Removing i2c.o(.rrx_text), (6 bytes).
    Removing i2c.o(i.HAL_I2C_MspDeInit), (40 bytes).
    Removing usart.o(.rev16_text), (4 bytes).
    Removing usart.o(.revsh_text), (4 bytes).
    Removing usart.o(.rrx_text), (6 bytes).
    Removing usart.o(i.HAL_UART_MspDeInit), (40 bytes).
    Removing bsp_i2c_oled.o(.rev16_text), (4 bytes).
    Removing bsp_i2c_oled.o(.revsh_text), (4 bytes).
    Removing bsp_i2c_oled.o(.rrx_text), (6 bytes).
    Removing bsp_i2c_oled.o(i.OLED_ShowCN), (72 bytes).
    Removing bsp_i2c_oled.o(.data), (128 bytes).
    Removing system_stm32l1xx.o(.rev16_text), (4 bytes).
    Removing system_stm32l1xx.o(.revsh_text), (4 bytes).
    Removing system_stm32l1xx.o(.rrx_text), (6 bytes).
    Removing system_stm32l1xx.o(i.SystemCoreClockUpdate), (144 bytes).
    Removing startup_stm32l151xba.o(HEAP), (512 bytes).
    Removing dadd.o(.text), (334 bytes).
    Removing dmul.o(.text), (228 bytes).
    Removing ddiv.o(.text), (222 bytes).
    Removing dfixul.o(.text), (48 bytes).
    Removing cdrcmple.o(.text), (48 bytes).
    Removing depilogue.o(.text), (186 bytes).

301 unused section(s) (total 20854 bytes) removed from the image.

==============================================================================

Image Symbol Table

    Local Symbols

    Symbol Name                              Value     Ov Type        Size  Object(Section)

    ../Drivers/STM32L1xx_HAL_Driver/Src/stm32l1xx_hal.c 0x00000000   Number         0  stm32l1xx_hal.o ABSOLUTE
    ../Drivers/STM32L1xx_HAL_Driver/Src/stm32l1xx_hal_cortex.c 0x00000000   Number         0  stm32l1xx_hal_cortex.o ABSOLUTE
    ../Drivers/STM32L1xx_HAL_Driver/Src/stm32l1xx_hal_dma.c 0x00000000   Number         0  stm32l1xx_hal_dma.o ABSOLUTE
    ../Drivers/STM32L1xx_HAL_Driver/Src/stm32l1xx_hal_flash.c 0x00000000   Number         0  stm32l1xx_hal_flash.o ABSOLUTE
    ../Drivers/STM32L1xx_HAL_Driver/Src/stm32l1xx_hal_flash_ex.c 0x00000000   Number         0  stm32l1xx_hal_flash_ex.o ABSOLUTE
    ../Drivers/STM32L1xx_HAL_Driver/Src/stm32l1xx_hal_flash_ramfunc.c 0x00000000   Number         0  stm32l1xx_hal_flash_ramfunc.o ABSOLUTE
    ../Drivers/STM32L1xx_HAL_Driver/Src/stm32l1xx_hal_gpio.c 0x00000000   Number         0  stm32l1xx_hal_gpio.o ABSOLUTE
    ../Drivers/STM32L1xx_HAL_Driver/Src/stm32l1xx_hal_i2c.c 0x00000000   Number         0  stm32l1xx_hal_i2c.o ABSOLUTE
    ../Drivers/STM32L1xx_HAL_Driver/Src/stm32l1xx_hal_pwr.c 0x00000000   Number         0  stm32l1xx_hal_pwr.o ABSOLUTE
    ../Drivers/STM32L1xx_HAL_Driver/Src/stm32l1xx_hal_pwr_ex.c 0x00000000   Number         0  stm32l1xx_hal_pwr_ex.o ABSOLUTE
    ../Drivers/STM32L1xx_HAL_Driver/Src/stm32l1xx_hal_rcc.c 0x00000000   Number         0  stm32l1xx_hal_rcc.o ABSOLUTE
    ../Drivers/STM32L1xx_HAL_Driver/Src/stm32l1xx_hal_rcc_ex.c 0x00000000   Number         0  stm32l1xx_hal_rcc_ex.o ABSOLUTE
    ../Drivers/STM32L1xx_HAL_Driver/Src/stm32l1xx_hal_tim.c 0x00000000   Number         0  stm32l1xx_hal_tim.o ABSOLUTE
    ../Drivers/STM32L1xx_HAL_Driver/Src/stm32l1xx_hal_tim_ex.c 0x00000000   Number         0  stm32l1xx_hal_tim_ex.o ABSOLUTE
    ../Drivers/STM32L1xx_HAL_Driver/Src/stm32l1xx_hal_uart.c 0x00000000   Number         0  stm32l1xx_hal_uart.o ABSOLUTE
    ../Src/gpio.c                            0x00000000   Number         0  gpio.o ABSOLUTE
    ../Src/i2c.c                             0x00000000   Number         0  i2c.o ABSOLUTE
    ../Src/main.c                            0x00000000   Number         0  main.o ABSOLUTE
    ../Src/stm32l1xx_hal_msp.c               0x00000000   Number         0  stm32l1xx_hal_msp.o ABSOLUTE
    ../Src/stm32l1xx_it.c                    0x00000000   Number         0  stm32l1xx_it.o ABSOLUTE
    ../Src/system_stm32l1xx.c                0x00000000   Number         0  system_stm32l1xx.o ABSOLUTE
    ../Src/usart.c                           0x00000000   Number         0  usart.o ABSOLUTE
    ../clib/../cmprslib/zerorunl2.c          0x00000000   Number         0  __dczerorl2.o ABSOLUTE
    ../clib/microlib/division.c              0x00000000   Number         0  uidiv.o ABSOLUTE
    ../clib/microlib/division.c              0x00000000   Number         0  uldiv.o ABSOLUTE
    ../clib/microlib/init/entry.s            0x00000000   Number         0  entry9b.o ABSOLUTE
    ../clib/microlib/init/entry.s            0x00000000   Number         0  entry9a.o ABSOLUTE
    ../clib/microlib/init/entry.s            0x00000000   Number         0  entry8b.o ABSOLUTE
    ../clib/microlib/init/entry.s            0x00000000   Number         0  entry8a.o ABSOLUTE
    ../clib/microlib/init/entry.s            0x00000000   Number         0  entry7b.o ABSOLUTE
    ../clib/microlib/init/entry.s            0x00000000   Number         0  entry7a.o ABSOLUTE
    ../clib/microlib/init/entry.s            0x00000000   Number         0  entry2.o ABSOLUTE
    ../clib/microlib/init/entry.s            0x00000000   Number         0  entry.o ABSOLUTE
    ../clib/microlib/init/entry.s            0x00000000   Number         0  entry5.o ABSOLUTE
    ../clib/microlib/init/entry.s            0x00000000   Number         0  entry11b.o ABSOLUTE
    ../clib/microlib/init/entry.s            0x00000000   Number         0  entry11a.o ABSOLUTE
    ../clib/microlib/init/entry.s            0x00000000   Number         0  entry10b.o ABSOLUTE
    ../clib/microlib/init/entry.s            0x00000000   Number         0  entry10a.o ABSOLUTE
    ../clib/microlib/longlong.c              0x00000000   Number         0  llsshr.o ABSOLUTE
    ../clib/microlib/longlong.c              0x00000000   Number         0  llushr.o ABSOLUTE
    ../clib/microlib/longlong.c              0x00000000   Number         0  llshl.o ABSOLUTE
    ../clib/microlib/printf/printf.c         0x00000000   Number         0  printf3.o ABSOLUTE
    ../clib/microlib/printf/printf.c         0x00000000   Number         0  printf8.o ABSOLUTE
    ../clib/microlib/printf/printf.c         0x00000000   Number         0  printf1.o ABSOLUTE
    ../clib/microlib/printf/printf.c         0x00000000   Number         0  printf0.o ABSOLUTE
    ../clib/microlib/printf/printf.c         0x00000000   Number         0  printf2.o ABSOLUTE
    ../clib/microlib/printf/printf.c         0x00000000   Number         0  printfb.o ABSOLUTE
    ../clib/microlib/printf/printf.c         0x00000000   Number         0  printfa.o ABSOLUTE
    ../clib/microlib/printf/printf.c         0x00000000   Number         0  printf7.o ABSOLUTE
    ../clib/microlib/printf/printf.c         0x00000000   Number         0  printf6.o ABSOLUTE
    ../clib/microlib/printf/printf.c         0x00000000   Number         0  printf5.o ABSOLUTE
    ../clib/microlib/printf/printf.c         0x00000000   Number         0  printf4.o ABSOLUTE
    ../clib/microlib/printf/stubs.s          0x00000000   Number         0  stubs.o ABSOLUTE
    ../clib/microlib/stdio/fputc.c           0x00000000   Number         0  fputc.o ABSOLUTE
    ../clib/microlib/stdio/semi.s            0x00000000   Number         0  semi.o ABSOLUTE
    ../clib/microlib/stdio/streams.c         0x00000000   Number         0  stdout.o ABSOLUTE
    ../clib/microlib/stubs.s                 0x00000000   Number         0  iusefp.o ABSOLUTE
    ../clib/microlib/stubs.s                 0x00000000   Number         0  iusesemip.o ABSOLUTE
    ../fplib/microlib/fpadd.c                0x00000000   Number         0  dadd.o ABSOLUTE
    ../fplib/microlib/fpdiv.c                0x00000000   Number         0  ddiv.o ABSOLUTE
    ../fplib/microlib/fpepilogue.c           0x00000000   Number         0  depilogue.o ABSOLUTE
    ../fplib/microlib/fpfix.c                0x00000000   Number         0  dfixul.o ABSOLUTE
    ../fplib/microlib/fpmul.c                0x00000000   Number         0  dmul.o ABSOLUTE
    ..\Drivers\STM32L1xx_HAL_Driver\Src\stm32l1xx_hal.c 0x00000000   Number         0  stm32l1xx_hal.o ABSOLUTE
    ..\Drivers\STM32L1xx_HAL_Driver\Src\stm32l1xx_hal_cortex.c 0x00000000   Number         0  stm32l1xx_hal_cortex.o ABSOLUTE
    ..\Drivers\STM32L1xx_HAL_Driver\Src\stm32l1xx_hal_dma.c 0x00000000   Number         0  stm32l1xx_hal_dma.o ABSOLUTE
    ..\Drivers\STM32L1xx_HAL_Driver\Src\stm32l1xx_hal_flash.c 0x00000000   Number         0  stm32l1xx_hal_flash.o ABSOLUTE
    ..\Drivers\STM32L1xx_HAL_Driver\Src\stm32l1xx_hal_flash_ex.c 0x00000000   Number         0  stm32l1xx_hal_flash_ex.o ABSOLUTE
    ..\Drivers\STM32L1xx_HAL_Driver\Src\stm32l1xx_hal_flash_ramfunc.c 0x00000000   Number         0  stm32l1xx_hal_flash_ramfunc.o ABSOLUTE
    ..\Drivers\STM32L1xx_HAL_Driver\Src\stm32l1xx_hal_gpio.c 0x00000000   Number         0  stm32l1xx_hal_gpio.o ABSOLUTE
    ..\Drivers\STM32L1xx_HAL_Driver\Src\stm32l1xx_hal_i2c.c 0x00000000   Number         0  stm32l1xx_hal_i2c.o ABSOLUTE
    ..\Drivers\STM32L1xx_HAL_Driver\Src\stm32l1xx_hal_pwr.c 0x00000000   Number         0  stm32l1xx_hal_pwr.o ABSOLUTE
    ..\Drivers\STM32L1xx_HAL_Driver\Src\stm32l1xx_hal_pwr_ex.c 0x00000000   Number         0  stm32l1xx_hal_pwr_ex.o ABSOLUTE
    ..\Drivers\STM32L1xx_HAL_Driver\Src\stm32l1xx_hal_rcc.c 0x00000000   Number         0  stm32l1xx_hal_rcc.o ABSOLUTE
    ..\Drivers\STM32L1xx_HAL_Driver\Src\stm32l1xx_hal_rcc_ex.c 0x00000000   Number         0  stm32l1xx_hal_rcc_ex.o ABSOLUTE
    ..\Drivers\STM32L1xx_HAL_Driver\Src\stm32l1xx_hal_tim.c 0x00000000   Number         0  stm32l1xx_hal_tim.o ABSOLUTE
    ..\Drivers\STM32L1xx_HAL_Driver\Src\stm32l1xx_hal_tim_ex.c 0x00000000   Number         0  stm32l1xx_hal_tim_ex.o ABSOLUTE
    ..\Drivers\STM32L1xx_HAL_Driver\Src\stm32l1xx_hal_uart.c 0x00000000   Number         0  stm32l1xx_hal_uart.o ABSOLUTE
    ..\Src\bsp_i2c_oled.c                    0x00000000   Number         0  bsp_i2c_oled.o ABSOLUTE
    ..\Src\gpio.c                            0x00000000   Number         0  gpio.o ABSOLUTE
    ..\Src\i2c.c                             0x00000000   Number         0  i2c.o ABSOLUTE
    ..\Src\main.c                            0x00000000   Number         0  main.o ABSOLUTE
    ..\Src\stm32l1xx_hal_msp.c               0x00000000   Number         0  stm32l1xx_hal_msp.o ABSOLUTE
    ..\Src\stm32l1xx_it.c                    0x00000000   Number         0  stm32l1xx_it.o ABSOLUTE
    ..\Src\system_stm32l1xx.c                0x00000000   Number         0  system_stm32l1xx.o ABSOLUTE
    ..\Src\usart.c                           0x00000000   Number         0  usart.o ABSOLUTE
    ..\\Src\\bsp_i2c_oled.c                  0x00000000   Number         0  bsp_i2c_oled.o ABSOLUTE
    cdrcmple.s                               0x00000000   Number         0  cdrcmple.o ABSOLUTE
    dc.s                                     0x00000000   Number         0  dc.o ABSOLUTE
    handlers.s                               0x00000000   Number         0  handlers.o ABSOLUTE
    init.s                                   0x00000000   Number         0  init.o ABSOLUTE
    startup_stm32l151xba.s                   0x00000000   Number         0  startup_stm32l151xba.o ABSOLUTE
    RESET                                    0x08000000   Section      244  startup_stm32l151xba.o(RESET)
    .ARM.Collect$$$$00000000                 0x080000f4   Section        0  entry.o(.ARM.Collect$$$$00000000)
    .ARM.Collect$$$$00000001                 0x080000f4   Section        4  entry2.o(.ARM.Collect$$$$00000001)
    .ARM.Collect$$$$00000004                 0x080000f8   Section        4  entry5.o(.ARM.Collect$$$$00000004)
    .ARM.Collect$$$$00000008                 0x080000fc   Section        0  entry7b.o(.ARM.Collect$$$$00000008)
    .ARM.Collect$$$$0000000A                 0x080000fc   Section        0  entry8b.o(.ARM.Collect$$$$0000000A)
    .ARM.Collect$$$$0000000B                 0x080000fc   Section        8  entry9a.o(.ARM.Collect$$$$0000000B)
    .ARM.Collect$$$$0000000D                 0x08000104   Section        0  entry10a.o(.ARM.Collect$$$$0000000D)
    .ARM.Collect$$$$0000000F                 0x08000104   Section        0  entry11a.o(.ARM.Collect$$$$0000000F)
    .ARM.Collect$$$$00002712                 0x08000104   Section        4  entry2.o(.ARM.Collect$$$$00002712)
    __lit__00000000                          0x08000104   Data           4  entry2.o(.ARM.Collect$$$$00002712)
    .text                                    0x08000108   Section       36  startup_stm32l151xba.o(.text)
    .text                                    0x0800012c   Section        0  uidiv.o(.text)
    .text                                    0x08000158   Section       36  init.o(.text)
    .text                                    0x0800017c   Section        0  iusesemip.o(.text)
    .text                                    0x0800017c   Section        0  semi.o(.text)
    .text                                    0x0800017c   Section        0  __dczerorl2.o(.text)
    i.BusFault_Handler                       0x080001d2   Section        0  stm32l1xx_it.o(i.BusFault_Handler)
    i.DebugMon_Handler                       0x080001d4   Section        0  stm32l1xx_it.o(i.DebugMon_Handler)
    i.HAL_Delay                              0x080001d6   Section        0  stm32l1xx_hal.o(i.HAL_Delay)
    i.HAL_GPIO_Init                          0x080001ec   Section        0  stm32l1xx_hal_gpio.o(i.HAL_GPIO_Init)
    i.HAL_GPIO_WritePin                      0x08000378   Section        0  stm32l1xx_hal_gpio.o(i.HAL_GPIO_WritePin)
    i.HAL_GetTick                            0x08000384   Section        0  stm32l1xx_hal.o(i.HAL_GetTick)
    i.HAL_I2C_Init                           0x08000390   Section        0  stm32l1xx_hal_i2c.o(i.HAL_I2C_Init)
    i.HAL_I2C_Mem_Write                      0x080004d4   Section        0  stm32l1xx_hal_i2c.o(i.HAL_I2C_Mem_Write)
    i.HAL_I2C_MspInit                        0x08000618   Section        0  i2c.o(i.HAL_I2C_MspInit)
    i.HAL_IncTick                            0x08000664   Section        0  stm32l1xx_hal.o(i.HAL_IncTick)
    i.HAL_Init                               0x08000674   Section        0  stm32l1xx_hal.o(i.HAL_Init)
    i.HAL_InitTick                           0x0800068c   Section        0  stm32l1xx_hal.o(i.HAL_InitTick)
    i.HAL_MspInit                            0x080006b4   Section        0  stm32l1xx_hal_msp.o(i.HAL_MspInit)
    i.HAL_NVIC_SetPriority                   0x08000744   Section        0  stm32l1xx_hal_cortex.o(i.HAL_NVIC_SetPriority)
    i.HAL_NVIC_SetPriorityGrouping           0x08000784   Section        0  stm32l1xx_hal_cortex.o(i.HAL_NVIC_SetPriorityGrouping)
    i.HAL_RCC_ClockConfig                    0x080007a8   Section        0  stm32l1xx_hal_rcc.o(i.HAL_RCC_ClockConfig)
    i.HAL_RCC_GetHCLKFreq                    0x0800097c   Section        0  stm32l1xx_hal_rcc.o(i.HAL_RCC_GetHCLKFreq)
    i.HAL_RCC_GetPCLK1Freq                   0x08000988   Section        0  stm32l1xx_hal_rcc.o(i.HAL_RCC_GetPCLK1Freq)
    i.HAL_RCC_GetPCLK2Freq                   0x080009b8   Section        0  stm32l1xx_hal_rcc.o(i.HAL_RCC_GetPCLK2Freq)
    i.HAL_RCC_GetSysClockFreq                0x080009e8   Section        0  stm32l1xx_hal_rcc.o(i.HAL_RCC_GetSysClockFreq)
    i.HAL_RCC_OscConfig                      0x08000a74   Section        0  stm32l1xx_hal_rcc.o(i.HAL_RCC_OscConfig)
    i.HAL_SYSTICK_CLKSourceConfig            0x080011c4   Section        0  stm32l1xx_hal_cortex.o(i.HAL_SYSTICK_CLKSourceConfig)
    i.HAL_SYSTICK_Callback                   0x080011dc   Section        0  stm32l1xx_hal_cortex.o(i.HAL_SYSTICK_Callback)
    i.HAL_SYSTICK_Config                     0x080011de   Section        0  stm32l1xx_hal_cortex.o(i.HAL_SYSTICK_Config)
    i.HAL_SYSTICK_IRQHandler                 0x08001206   Section        0  stm32l1xx_hal_cortex.o(i.HAL_SYSTICK_IRQHandler)
    i.HAL_UART_Init                          0x0800120e   Section        0  stm32l1xx_hal_uart.o(i.HAL_UART_Init)
    i.HAL_UART_MspInit                       0x0800126c   Section        0  usart.o(i.HAL_UART_MspInit)
    i.HardFault_Handler                      0x080012b8   Section        0  stm32l1xx_it.o(i.HardFault_Handler)
    i.I2C_IsAcknowledgeFailed                0x080012ba   Section        0  stm32l1xx_hal_i2c.o(i.I2C_IsAcknowledgeFailed)
    I2C_IsAcknowledgeFailed                  0x080012bb   Thumb Code    40  stm32l1xx_hal_i2c.o(i.I2C_IsAcknowledgeFailed)
    i.I2C_OLED_ByteWrite                     0x080012e4   Section        0  bsp_i2c_oled.o(i.I2C_OLED_ByteWrite)
    i.I2C_RequestMemoryWrite                 0x0800134c   Section        0  stm32l1xx_hal_i2c.o(i.I2C_RequestMemoryWrite)
    I2C_RequestMemoryWrite                   0x0800134d   Thumb Code   156  stm32l1xx_hal_i2c.o(i.I2C_RequestMemoryWrite)
    i.I2C_WaitOnBTFFlagUntilTimeout          0x080013ec   Section        0  stm32l1xx_hal_i2c.o(i.I2C_WaitOnBTFFlagUntilTimeout)
    I2C_WaitOnBTFFlagUntilTimeout            0x080013ed   Thumb Code    78  stm32l1xx_hal_i2c.o(i.I2C_WaitOnBTFFlagUntilTimeout)
    i.I2C_WaitOnFlagUntilTimeout             0x0800143a   Section        0  stm32l1xx_hal_i2c.o(i.I2C_WaitOnFlagUntilTimeout)
    I2C_WaitOnFlagUntilTimeout               0x0800143b   Thumb Code    96  stm32l1xx_hal_i2c.o(i.I2C_WaitOnFlagUntilTimeout)
    i.I2C_WaitOnMasterAddressFlagUntilTimeout 0x0800149c   Section        0  stm32l1xx_hal_i2c.o(i.I2C_WaitOnMasterAddressFlagUntilTimeout)
    I2C_WaitOnMasterAddressFlagUntilTimeout  0x0800149d   Thumb Code   136  stm32l1xx_hal_i2c.o(i.I2C_WaitOnMasterAddressFlagUntilTimeout)
    i.I2C_WaitOnTXEFlagUntilTimeout          0x08001524   Section        0  stm32l1xx_hal_i2c.o(i.I2C_WaitOnTXEFlagUntilTimeout)
    I2C_WaitOnTXEFlagUntilTimeout            0x08001525   Thumb Code    78  stm32l1xx_hal_i2c.o(i.I2C_WaitOnTXEFlagUntilTimeout)
    i.MX_GPIO_Init                           0x08001574   Section        0  gpio.o(i.MX_GPIO_Init)
    i.MX_I2C1_Init                           0x080015fc   Section        0  i2c.o(i.MX_I2C1_Init)
    i.MX_USART2_UART_Init                    0x08001650   Section        0  usart.o(i.MX_USART2_UART_Init)
    i.MemManage_Handler                      0x0800169c   Section        0  stm32l1xx_it.o(i.MemManage_Handler)
    i.NMI_Handler                            0x0800169e   Section        0  stm32l1xx_it.o(i.NMI_Handler)
    i.NVIC_SetPriority                       0x080016a0   Section        0  stm32l1xx_hal_cortex.o(i.NVIC_SetPriority)
    NVIC_SetPriority                         0x080016a1   Thumb Code    32  stm32l1xx_hal_cortex.o(i.NVIC_SetPriority)
    i.OLED_CLS                               0x080016c0   Section        0  bsp_i2c_oled.o(i.OLED_CLS)
    i.OLED_DrawBMP                           0x080016c6   Section        0  bsp_i2c_oled.o(i.OLED_DrawBMP)
    i.OLED_Fill                              0x08001704   Section        0  bsp_i2c_oled.o(i.OLED_Fill)
    i.OLED_Init                              0x0800173c   Section        0  bsp_i2c_oled.o(i.OLED_Init)
    i.OLED_OFF                               0x080017f0   Section        0  bsp_i2c_oled.o(i.OLED_OFF)
    i.OLED_ON                                0x08001808   Section        0  bsp_i2c_oled.o(i.OLED_ON)
    i.OLED_SetPos                            0x08001820   Section        0  bsp_i2c_oled.o(i.OLED_SetPos)
    i.OLED_ShowStr                           0x08001848   Section        0  bsp_i2c_oled.o(i.OLED_ShowStr)
    i.OLED_Test                              0x08001920   Section        0  bsp_i2c_oled.o(i.OLED_Test)
    i.PendSV_Handler                         0x0800193c   Section        0  stm32l1xx_it.o(i.PendSV_Handler)
    i.RCC_SetFlashLatencyFromMSIRange        0x08001940   Section        0  stm32l1xx_hal_rcc.o(i.RCC_SetFlashLatencyFromMSIRange)
    RCC_SetFlashLatencyFromMSIRange          0x08001941   Thumb Code   116  stm32l1xx_hal_rcc.o(i.RCC_SetFlashLatencyFromMSIRange)
    i.SVC_Handler                            0x080019c0   Section        0  stm32l1xx_it.o(i.SVC_Handler)
    i.SysTick_Handler                        0x080019c2   Section        0  stm32l1xx_it.o(i.SysTick_Handler)
    i.SystemClock_Config                     0x080019d0   Section        0  main.o(i.SystemClock_Config)
    i.SystemInit                             0x08001a48   Section        0  system_stm32l1xx.o(i.SystemInit)
    i.UART_SetConfig                         0x08001a98   Section        0  stm32l1xx_hal_uart.o(i.UART_SetConfig)
    UART_SetConfig                           0x08001a99   Thumb Code   666  stm32l1xx_hal_uart.o(i.UART_SetConfig)
    i.UsageFault_Handler                     0x08001d38   Section        0  stm32l1xx_it.o(i.UsageFault_Handler)
    i.WriteCmd                               0x08001d3a   Section        0  bsp_i2c_oled.o(i.WriteCmd)
    i.WriteDat                               0x08001d42   Section        0  bsp_i2c_oled.o(i.WriteDat)
    i._Error_Handler                         0x08001d4a   Section        0  main.o(i._Error_Handler)
    i.__0printf$1                            0x08001d4c   Section        0  printf1.o(i.__0printf$1)
    i.__scatterload_copy                     0x08001d6c   Section       14  handlers.o(i.__scatterload_copy)
    i.__scatterload_null                     0x08001d7a   Section        2  handlers.o(i.__scatterload_null)
    i.__scatterload_zeroinit                 0x08001d7c   Section       14  handlers.o(i.__scatterload_zeroinit)
    i._printf_core                           0x08001d8c   Section        0  printf1.o(i._printf_core)
    _printf_core                             0x08001d8d   Thumb Code   336  printf1.o(i._printf_core)
    i.fputc                                  0x08001ee0   Section        0  fputc.o(i.fputc)
    i.main                                   0x08001ef4   Section        0  main.o(i.main)
    .constdata                               0x08001fa4   Section     2072  bsp_i2c_oled.o(.constdata)
    .constdata                               0x080027bc   Section       25  system_stm32l1xx.o(.constdata)
    .constdata                               0x080027d5   Section        8  system_stm32l1xx.o(.constdata)
    .data                                    0x20000000   Section        4  stm32l1xx_hal.o(.data)
    .data                                    0x20000004   Section     1024  bsp_i2c_oled.o(.data)
    .data                                    0x20000404   Section        4  system_stm32l1xx.o(.data)
    .data                                    0x20000408   Section        4  stdout.o(.data)
    .bss                                     0x2000040c   Section       84  i2c.o(.bss)
    .bss                                     0x20000460   Section       64  usart.o(.bss)
    STACK                                    0x200004a0   Section     1024  startup_stm32l151xba.o(STACK)

    Global Symbols

    Symbol Name                              Value     Ov Type        Size  Object(Section)

    BuildAttributes$$THM_ISAv4$P$D$K$B$S$PE$A:L22UL41UL21$X:L11$S22US41US21$IEEE1$IW$USESV6$~STKCKD$USESV7$~SHL$OSPACE$ROPI$EBA8$MICROLIB$REQ8$PRES8$EABIv2 0x00000000   Number         0  anon$$obj.o ABSOLUTE
    __ARM_use_no_argv                        0x00000000   Number         0  main.o ABSOLUTE
    _printf_a                                0x00000000   Number         0  stubs.o ABSOLUTE
    _printf_c                                0x00000000   Number         0  stubs.o ABSOLUTE
    _printf_charcount                        0x00000000   Number         0  stubs.o ABSOLUTE
    _printf_d                                0x00000000   Number         0  stubs.o ABSOLUTE
    _printf_e                                0x00000000   Number         0  stubs.o ABSOLUTE
    _printf_f                                0x00000000   Number         0  stubs.o ABSOLUTE
    _printf_flags                            0x00000000   Number         0  stubs.o ABSOLUTE
    _printf_fp_dec                           0x00000000   Number         0  stubs.o ABSOLUTE
    _printf_fp_hex                           0x00000000   Number         0  stubs.o ABSOLUTE
    _printf_g                                0x00000000   Number         0  stubs.o ABSOLUTE
    _printf_i                                0x00000000   Number         0  stubs.o ABSOLUTE
    _printf_int_dec                          0x00000000   Number         0  stubs.o ABSOLUTE
    _printf_l                                0x00000000   Number         0  stubs.o ABSOLUTE
    _printf_lc                               0x00000000   Number         0  stubs.o ABSOLUTE
    _printf_ll                               0x00000000   Number         0  stubs.o ABSOLUTE
    _printf_lld                              0x00000000   Number         0  stubs.o ABSOLUTE
    _printf_lli                              0x00000000   Number         0  stubs.o ABSOLUTE
    _printf_llo                              0x00000000   Number         0  stubs.o ABSOLUTE
    _printf_llu                              0x00000000   Number         0  stubs.o ABSOLUTE
    _printf_llx                              0x00000000   Number         0  stubs.o ABSOLUTE
    _printf_longlong_dec                     0x00000000   Number         0  stubs.o ABSOLUTE
    _printf_longlong_hex                     0x00000000   Number         0  stubs.o ABSOLUTE
    _printf_longlong_oct                     0x00000000   Number         0  stubs.o ABSOLUTE
    _printf_ls                               0x00000000   Number         0  stubs.o ABSOLUTE
    _printf_mbtowc                           0x00000000   Number         0  stubs.o ABSOLUTE
    _printf_n                                0x00000000   Number         0  stubs.o ABSOLUTE
    _printf_o                                0x00000000   Number         0  stubs.o ABSOLUTE
    _printf_p                                0x00000000   Number         0  stubs.o ABSOLUTE
    _printf_percent                          0x00000000   Number         0  stubs.o ABSOLUTE
    _printf_pre_padding                      0x00000000   Number         0  stubs.o ABSOLUTE
    _printf_return_value                     0x00000000   Number         0  stubs.o ABSOLUTE
    _printf_s                                0x00000000   Number         0  stubs.o ABSOLUTE
    _printf_sizespec                         0x00000000   Number         0  stubs.o ABSOLUTE
    _printf_str                              0x00000000   Number         0  stubs.o ABSOLUTE
    _printf_truncate_signed                  0x00000000   Number         0  stubs.o ABSOLUTE
    _printf_truncate_unsigned                0x00000000   Number         0  stubs.o ABSOLUTE
    _printf_u                                0x00000000   Number         0  stubs.o ABSOLUTE
    _printf_wc                               0x00000000   Number         0  stubs.o ABSOLUTE
    _printf_wctomb                           0x00000000   Number         0  stubs.o ABSOLUTE
    _printf_widthprec                        0x00000000   Number         0  stubs.o ABSOLUTE
    _printf_x                                0x00000000   Number         0  stubs.o ABSOLUTE
    __cpp_initialize__aeabi_                  - Undefined Weak Reference
    __cxa_finalize                            - Undefined Weak Reference
    _clock_init                               - Undefined Weak Reference
    _microlib_exit                            - Undefined Weak Reference
    __Vectors_Size                           0x000000f4   Number         0  startup_stm32l151xba.o ABSOLUTE
    __Vectors                                0x08000000   Data           4  startup_stm32l151xba.o(RESET)
    __Vectors_End                            0x080000f4   Data           0  startup_stm32l151xba.o(RESET)
    __main                                   0x080000f5   Thumb Code     0  entry.o(.ARM.Collect$$$$00000000)
    _main_stk                                0x080000f5   Thumb Code     0  entry2.o(.ARM.Collect$$$$00000001)
    _main_scatterload                        0x080000f9   Thumb Code     0  entry5.o(.ARM.Collect$$$$00000004)
    __main_after_scatterload                 0x080000fd   Thumb Code     0  entry5.o(.ARM.Collect$$$$00000004)
    _main_clock                              0x080000fd   Thumb Code     0  entry7b.o(.ARM.Collect$$$$00000008)
    _main_cpp_init                           0x080000fd   Thumb Code     0  entry8b.o(.ARM.Collect$$$$0000000A)
    _main_init                               0x080000fd   Thumb Code     0  entry9a.o(.ARM.Collect$$$$0000000B)
    __rt_final_cpp                           0x08000105   Thumb Code     0  entry10a.o(.ARM.Collect$$$$0000000D)
    __rt_final_exit                          0x08000105   Thumb Code     0  entry11a.o(.ARM.Collect$$$$0000000F)
    Reset_Handler                            0x08000109   Thumb Code     8  startup_stm32l151xba.o(.text)
    ADC1_IRQHandler                          0x08000123   Thumb Code     0  startup_stm32l151xba.o(.text)
    COMP_IRQHandler                          0x08000123   Thumb Code     0  startup_stm32l151xba.o(.text)
    DAC_IRQHandler                           0x08000123   Thumb Code     0  startup_stm32l151xba.o(.text)
    DMA1_Channel1_IRQHandler                 0x08000123   Thumb Code     0  startup_stm32l151xba.o(.text)
    DMA1_Channel2_IRQHandler                 0x08000123   Thumb Code     0  startup_stm32l151xba.o(.text)
    DMA1_Channel3_IRQHandler                 0x08000123   Thumb Code     0  startup_stm32l151xba.o(.text)
    DMA1_Channel4_IRQHandler                 0x08000123   Thumb Code     0  startup_stm32l151xba.o(.text)
    DMA1_Channel5_IRQHandler                 0x08000123   Thumb Code     0  startup_stm32l151xba.o(.text)
    DMA1_Channel6_IRQHandler                 0x08000123   Thumb Code     0  startup_stm32l151xba.o(.text)
    DMA1_Channel7_IRQHandler                 0x08000123   Thumb Code     0  startup_stm32l151xba.o(.text)
    EXTI0_IRQHandler                         0x08000123   Thumb Code     0  startup_stm32l151xba.o(.text)
    EXTI15_10_IRQHandler                     0x08000123   Thumb Code     0  startup_stm32l151xba.o(.text)
    EXTI1_IRQHandler                         0x08000123   Thumb Code     0  startup_stm32l151xba.o(.text)
    EXTI2_IRQHandler                         0x08000123   Thumb Code     0  startup_stm32l151xba.o(.text)
    EXTI3_IRQHandler                         0x08000123   Thumb Code     0  startup_stm32l151xba.o(.text)
    EXTI4_IRQHandler                         0x08000123   Thumb Code     0  startup_stm32l151xba.o(.text)
    EXTI9_5_IRQHandler                       0x08000123   Thumb Code     0  startup_stm32l151xba.o(.text)
    FLASH_IRQHandler                         0x08000123   Thumb Code     0  startup_stm32l151xba.o(.text)
    I2C1_ER_IRQHandler                       0x08000123   Thumb Code     0  startup_stm32l151xba.o(.text)
    I2C1_EV_IRQHandler                       0x08000123   Thumb Code     0  startup_stm32l151xba.o(.text)
    I2C2_ER_IRQHandler                       0x08000123   Thumb Code     0  startup_stm32l151xba.o(.text)
    I2C2_EV_IRQHandler                       0x08000123   Thumb Code     0  startup_stm32l151xba.o(.text)
    PVD_IRQHandler                           0x08000123   Thumb Code     0  startup_stm32l151xba.o(.text)
    RCC_IRQHandler                           0x08000123   Thumb Code     0  startup_stm32l151xba.o(.text)
    RTC_Alarm_IRQHandler                     0x08000123   Thumb Code     0  startup_stm32l151xba.o(.text)
    RTC_WKUP_IRQHandler                      0x08000123   Thumb Code     0  startup_stm32l151xba.o(.text)
    SPI1_IRQHandler                          0x08000123   Thumb Code     0  startup_stm32l151xba.o(.text)
    SPI2_IRQHandler                          0x08000123   Thumb Code     0  startup_stm32l151xba.o(.text)
    TAMPER_STAMP_IRQHandler                  0x08000123   Thumb Code     0  startup_stm32l151xba.o(.text)
    TIM10_IRQHandler                         0x08000123   Thumb Code     0  startup_stm32l151xba.o(.text)
    TIM11_IRQHandler                         0x08000123   Thumb Code     0  startup_stm32l151xba.o(.text)
    TIM2_IRQHandler                          0x08000123   Thumb Code     0  startup_stm32l151xba.o(.text)
    TIM3_IRQHandler                          0x08000123   Thumb Code     0  startup_stm32l151xba.o(.text)
    TIM4_IRQHandler                          0x08000123   Thumb Code     0  startup_stm32l151xba.o(.text)
    TIM6_IRQHandler                          0x08000123   Thumb Code     0  startup_stm32l151xba.o(.text)
    TIM7_IRQHandler                          0x08000123   Thumb Code     0  startup_stm32l151xba.o(.text)
    TIM9_IRQHandler                          0x08000123   Thumb Code     0  startup_stm32l151xba.o(.text)
    USART1_IRQHandler                        0x08000123   Thumb Code     0  startup_stm32l151xba.o(.text)
    USART2_IRQHandler                        0x08000123   Thumb Code     0  startup_stm32l151xba.o(.text)
    USART3_IRQHandler                        0x08000123   Thumb Code     0  startup_stm32l151xba.o(.text)
    USB_FS_WKUP_IRQHandler                   0x08000123   Thumb Code     0  startup_stm32l151xba.o(.text)
    USB_HP_IRQHandler                        0x08000123   Thumb Code     0  startup_stm32l151xba.o(.text)
    USB_LP_IRQHandler                        0x08000123   Thumb Code     0  startup_stm32l151xba.o(.text)
    WWDG_IRQHandler                          0x08000123   Thumb Code     0  startup_stm32l151xba.o(.text)
    __aeabi_uidiv                            0x0800012d   Thumb Code     0  uidiv.o(.text)
    __aeabi_uidivmod                         0x0800012d   Thumb Code    44  uidiv.o(.text)
    __scatterload                            0x08000159   Thumb Code    28  init.o(.text)
    __scatterload_rt2                        0x08000159   Thumb Code     0  init.o(.text)
    __I$use$semihosting$fputc                0x0800017d   Thumb Code     0  iusesemip.o(.text)
    __decompress                             0x0800017d   Thumb Code     0  __dczerorl2.o(.text)
    __decompress1                            0x0800017d   Thumb Code    86  __dczerorl2.o(.text)
    __semihosting_library_function           0x0800017d   Thumb Code     0  semi.o(.text)
    BusFault_Handler                         0x080001d3   Thumb Code     2  stm32l1xx_it.o(i.BusFault_Handler)
    DebugMon_Handler                         0x080001d5   Thumb Code     2  stm32l1xx_it.o(i.DebugMon_Handler)
    HAL_Delay                                0x080001d7   Thumb Code    22  stm32l1xx_hal.o(i.HAL_Delay)
    HAL_GPIO_Init                            0x080001ed   Thumb Code   364  stm32l1xx_hal_gpio.o(i.HAL_GPIO_Init)
    HAL_GPIO_WritePin                        0x08000379   Thumb Code    10  stm32l1xx_hal_gpio.o(i.HAL_GPIO_WritePin)
    HAL_GetTick                              0x08000385   Thumb Code     6  stm32l1xx_hal.o(i.HAL_GetTick)
    HAL_I2C_Init                             0x08000391   Thumb Code   312  stm32l1xx_hal_i2c.o(i.HAL_I2C_Init)
    HAL_I2C_Mem_Write                        0x080004d5   Thumb Code   320  stm32l1xx_hal_i2c.o(i.HAL_I2C_Mem_Write)
    HAL_I2C_MspInit                          0x08000619   Thumb Code    62  i2c.o(i.HAL_I2C_MspInit)
    HAL_IncTick                              0x08000665   Thumb Code    10  stm32l1xx_hal.o(i.HAL_IncTick)
    HAL_Init                                 0x08000675   Thumb Code    22  stm32l1xx_hal.o(i.HAL_Init)
    HAL_InitTick                             0x0800068d   Thumb Code    34  stm32l1xx_hal.o(i.HAL_InitTick)
    HAL_MspInit                              0x080006b5   Thumb Code   140  stm32l1xx_hal_msp.o(i.HAL_MspInit)
    HAL_NVIC_SetPriority                     0x08000745   Thumb Code    60  stm32l1xx_hal_cortex.o(i.HAL_NVIC_SetPriority)
    HAL_NVIC_SetPriorityGrouping             0x08000785   Thumb Code    26  stm32l1xx_hal_cortex.o(i.HAL_NVIC_SetPriorityGrouping)
    HAL_RCC_ClockConfig                      0x080007a9   Thumb Code   450  stm32l1xx_hal_rcc.o(i.HAL_RCC_ClockConfig)
    HAL_RCC_GetHCLKFreq                      0x0800097d   Thumb Code     6  stm32l1xx_hal_rcc.o(i.HAL_RCC_GetHCLKFreq)
    HAL_RCC_GetPCLK1Freq                     0x08000989   Thumb Code    34  stm32l1xx_hal_rcc.o(i.HAL_RCC_GetPCLK1Freq)
    HAL_RCC_GetPCLK2Freq                     0x080009b9   Thumb Code    34  stm32l1xx_hal_rcc.o(i.HAL_RCC_GetPCLK2Freq)
    HAL_RCC_GetSysClockFreq                  0x080009e9   Thumb Code   122  stm32l1xx_hal_rcc.o(i.HAL_RCC_GetSysClockFreq)
    HAL_RCC_OscConfig                        0x08000a75   Thumb Code  1860  stm32l1xx_hal_rcc.o(i.HAL_RCC_OscConfig)
    HAL_SYSTICK_CLKSourceConfig              0x080011c5   Thumb Code    24  stm32l1xx_hal_cortex.o(i.HAL_SYSTICK_CLKSourceConfig)
    HAL_SYSTICK_Callback                     0x080011dd   Thumb Code     2  stm32l1xx_hal_cortex.o(i.HAL_SYSTICK_Callback)
    HAL_SYSTICK_Config                       0x080011df   Thumb Code    40  stm32l1xx_hal_cortex.o(i.HAL_SYSTICK_Config)
    HAL_SYSTICK_IRQHandler                   0x08001207   Thumb Code     8  stm32l1xx_hal_cortex.o(i.HAL_SYSTICK_IRQHandler)
    HAL_UART_Init                            0x0800120f   Thumb Code    94  stm32l1xx_hal_uart.o(i.HAL_UART_Init)
    HAL_UART_MspInit                         0x0800126d   Thumb Code    62  usart.o(i.HAL_UART_MspInit)
    HardFault_Handler                        0x080012b9   Thumb Code     2  stm32l1xx_it.o(i.HardFault_Handler)
    I2C_OLED_ByteWrite                       0x080012e5   Thumb Code    46  bsp_i2c_oled.o(i.I2C_OLED_ByteWrite)
    MX_GPIO_Init                             0x08001575   Thumb Code   122  gpio.o(i.MX_GPIO_Init)
    MX_I2C1_Init                             0x080015fd   Thumb Code    54  i2c.o(i.MX_I2C1_Init)
    MX_USART2_UART_Init                      0x08001651   Thumb Code    52  usart.o(i.MX_USART2_UART_Init)
    MemManage_Handler                        0x0800169d   Thumb Code     2  stm32l1xx_it.o(i.MemManage_Handler)
    NMI_Handler                              0x0800169f   Thumb Code     2  stm32l1xx_it.o(i.NMI_Handler)
    OLED_CLS                                 0x080016c1   Thumb Code     6  bsp_i2c_oled.o(i.OLED_CLS)
    OLED_DrawBMP                             0x080016c7   Thumb Code    62  bsp_i2c_oled.o(i.OLED_DrawBMP)
    OLED_Fill                                0x08001705   Thumb Code    56  bsp_i2c_oled.o(i.OLED_Fill)
    OLED_Init                                0x0800173d   Thumb Code   180  bsp_i2c_oled.o(i.OLED_Init)
    OLED_OFF                                 0x080017f1   Thumb Code    24  bsp_i2c_oled.o(i.OLED_OFF)
    OLED_ON                                  0x08001809   Thumb Code    24  bsp_i2c_oled.o(i.OLED_ON)
    OLED_SetPos                              0x08001821   Thumb Code    38  bsp_i2c_oled.o(i.OLED_SetPos)
    OLED_ShowStr                             0x08001849   Thumb Code   208  bsp_i2c_oled.o(i.OLED_ShowStr)
    OLED_Test                                0x08001921   Thumb Code    12  bsp_i2c_oled.o(i.OLED_Test)
    PendSV_Handler                           0x0800193d   Thumb Code     2  stm32l1xx_it.o(i.PendSV_Handler)
    SVC_Handler                              0x080019c1   Thumb Code     2  stm32l1xx_it.o(i.SVC_Handler)
    SysTick_Handler                          0x080019c3   Thumb Code    14  stm32l1xx_it.o(i.SysTick_Handler)
    SystemClock_Config                       0x080019d1   Thumb Code   116  main.o(i.SystemClock_Config)
    SystemInit                               0x08001a49   Thumb Code    62  system_stm32l1xx.o(i.SystemInit)
    UsageFault_Handler                       0x08001d39   Thumb Code     2  stm32l1xx_it.o(i.UsageFault_Handler)
    WriteCmd                                 0x08001d3b   Thumb Code     8  bsp_i2c_oled.o(i.WriteCmd)
    WriteDat                                 0x08001d43   Thumb Code     8  bsp_i2c_oled.o(i.WriteDat)
    _Error_Handler                           0x08001d4b   Thumb Code     2  main.o(i._Error_Handler)
    __0printf$1                              0x08001d4d   Thumb Code    22  printf1.o(i.__0printf$1)
    __1printf$1                              0x08001d4d   Thumb Code     0  printf1.o(i.__0printf$1)
    __2printf                                0x08001d4d   Thumb Code     0  printf1.o(i.__0printf$1)
    __scatterload_copy                       0x08001d6d   Thumb Code    14  handlers.o(i.__scatterload_copy)
    __scatterload_null                       0x08001d7b   Thumb Code     2  handlers.o(i.__scatterload_null)
    __scatterload_zeroinit                   0x08001d7d   Thumb Code    14  handlers.o(i.__scatterload_zeroinit)
    fputc                                    0x08001ee1   Thumb Code    18  fputc.o(i.fputc)
    main                                     0x08001ef5   Thumb Code   142  main.o(i.main)
    F6x8                                     0x08001fa4   Data         552  bsp_i2c_oled.o(.constdata)
    F8X16                                    0x080021cc   Data        1520  bsp_i2c_oled.o(.constdata)
    PLLMulTable                              0x080027bc   Data           9  system_stm32l1xx.o(.constdata)
    AHBPrescTable                            0x080027c5   Data          16  system_stm32l1xx.o(.constdata)
    APBPrescTable                            0x080027d5   Data           8  system_stm32l1xx.o(.constdata)
    Region$$Table$$Base                      0x080027e0   Number         0  anon$$obj.o(Region$$Table)
    Region$$Table$$Limit                     0x08002800   Number         0  anon$$obj.o(Region$$Table)
    uwTick                                   0x20000000   Data           4  stm32l1xx_hal.o(.data)
    BMP1                                     0x20000004   Data        1024  bsp_i2c_oled.o(.data)
    SystemCoreClock                          0x20000404   Data           4  system_stm32l1xx.o(.data)
    __stdout                                 0x20000408   Data           4  stdout.o(.data)
    hi2c1                                    0x2000040c   Data          84  i2c.o(.bss)
    huart2                                   0x20000460   Data          64  usart.o(.bss)
    __initial_sp                             0x200008a0   Data           0  startup_stm32l151xba.o(STACK)



==============================================================================

Memory Map of the image

  Image Entry point : 0x080000f5

  Load Region LR_IROM1 (Base: 0x08000000, Size: 0x00002c0c, Max: 0x00010000, ABSOLUTE, COMPRESSED[0x00002918])

    Execution Region ER_IROM1 (Base: 0x08000000, Size: 0x00002800, Max: 0x00010000, ABSOLUTE)

    Base Addr    Size         Type   Attr      Idx    E Section Name        Object

    0x08000000   0x000000f4   Data   RO         2228    RESET               startup_stm32l151xba.o
    0x080000f4   0x00000000   Code   RO         2233  * .ARM.Collect$$$$00000000  mc_w.l(entry.o)
    0x080000f4   0x00000004   Code   RO         2497    .ARM.Collect$$$$00000001  mc_w.l(entry2.o)
    0x080000f8   0x00000004   Code   RO         2500    .ARM.Collect$$$$00000004  mc_w.l(entry5.o)
    0x080000fc   0x00000000   Code   RO         2502    .ARM.Collect$$$$00000008  mc_w.l(entry7b.o)
    0x080000fc   0x00000000   Code   RO         2504    .ARM.Collect$$$$0000000A  mc_w.l(entry8b.o)
    0x080000fc   0x00000008   Code   RO         2505    .ARM.Collect$$$$0000000B  mc_w.l(entry9a.o)
    0x08000104   0x00000000   Code   RO         2507    .ARM.Collect$$$$0000000D  mc_w.l(entry10a.o)
    0x08000104   0x00000000   Code   RO         2509    .ARM.Collect$$$$0000000F  mc_w.l(entry11a.o)
    0x08000104   0x00000004   Code   RO         2498    .ARM.Collect$$$$00002712  mc_w.l(entry2.o)
    0x08000108   0x00000024   Code   RO         2229    .text               startup_stm32l151xba.o
    0x0800012c   0x0000002c   Code   RO         2514    .text               mc_w.l(uidiv.o)
    0x08000158   0x00000024   Code   RO         2529    .text               mc_w.l(init.o)
    0x0800017c   0x00000000   Code   RO         2531    .text               mc_w.l(semi.o)
    0x0800017c   0x00000000   Code   RO         2538    .text               mc_w.l(iusesemip.o)
    0x0800017c   0x00000056   Code   RO         2549    .text               mc_w.l(__dczerorl2.o)
    0x080001d2   0x00000002   Code   RO         1832    i.BusFault_Handler  stm32l1xx_it.o
    0x080001d4   0x00000002   Code   RO         1833    i.DebugMon_Handler  stm32l1xx_it.o
    0x080001d6   0x00000016   Code   RO         1686    i.HAL_Delay         stm32l1xx_hal.o
    0x080001ec   0x0000018c   Code   RO          597    i.HAL_GPIO_Init     stm32l1xx_hal_gpio.o
    0x08000378   0x0000000a   Code   RO          601    i.HAL_GPIO_WritePin  stm32l1xx_hal_gpio.o
    0x08000382   0x00000002   PAD
    0x08000384   0x0000000c   Code   RO         1690    i.HAL_GetTick       stm32l1xx_hal.o
    0x08000390   0x00000144   Code   RO          671    i.HAL_I2C_Init      stm32l1xx_hal_i2c.o
    0x080004d4   0x00000144   Code   RO          690    i.HAL_I2C_Mem_Write  stm32l1xx_hal_i2c.o
    0x08000618   0x0000004c   Code   RO         2006    i.HAL_I2C_MspInit   i2c.o
    0x08000664   0x00000010   Code   RO         1691    i.HAL_IncTick       stm32l1xx_hal.o
    0x08000674   0x00000016   Code   RO         1692    i.HAL_Init          stm32l1xx_hal.o
    0x0800068a   0x00000002   PAD
    0x0800068c   0x00000028   Code   RO         1693    i.HAL_InitTick      stm32l1xx_hal.o
    0x080006b4   0x00000090   Code   RO         1957    i.HAL_MspInit       stm32l1xx_hal_msp.o
    0x08000744   0x00000040   Code   RO          120    i.HAL_NVIC_SetPriority  stm32l1xx_hal_cortex.o
    0x08000784   0x00000024   Code   RO          121    i.HAL_NVIC_SetPriorityGrouping  stm32l1xx_hal_cortex.o
    0x080007a8   0x000001d4   Code   RO          488    i.HAL_RCC_ClockConfig  stm32l1xx_hal_rcc.o
    0x0800097c   0x0000000c   Code   RO          493    i.HAL_RCC_GetHCLKFreq  stm32l1xx_hal_rcc.o
    0x08000988   0x00000030   Code   RO          495    i.HAL_RCC_GetPCLK1Freq  stm32l1xx_hal_rcc.o
    0x080009b8   0x00000030   Code   RO          496    i.HAL_RCC_GetPCLK2Freq  stm32l1xx_hal_rcc.o
    0x080009e8   0x0000008c   Code   RO          497    i.HAL_RCC_GetSysClockFreq  stm32l1xx_hal_rcc.o
    0x08000a74   0x00000750   Code   RO          500    i.HAL_RCC_OscConfig  stm32l1xx_hal_rcc.o
    0x080011c4   0x00000018   Code   RO          123    i.HAL_SYSTICK_CLKSourceConfig  stm32l1xx_hal_cortex.o
    0x080011dc   0x00000002   Code   RO          124    i.HAL_SYSTICK_Callback  stm32l1xx_hal_cortex.o
    0x080011de   0x00000028   Code   RO          125    i.HAL_SYSTICK_Config  stm32l1xx_hal_cortex.o
    0x08001206   0x00000008   Code   RO          126    i.HAL_SYSTICK_IRQHandler  stm32l1xx_hal_cortex.o
    0x0800120e   0x0000005e   Code   RO         1199    i.HAL_UART_Init     stm32l1xx_hal_uart.o
    0x0800126c   0x0000004c   Code   RO         2048    i.HAL_UART_MspInit  usart.o
    0x080012b8   0x00000002   Code   RO         1834    i.HardFault_Handler  stm32l1xx_it.o
    0x080012ba   0x00000028   Code   RO          709    i.I2C_IsAcknowledgeFailed  stm32l1xx_hal_i2c.o
    0x080012e2   0x00000002   PAD
    0x080012e4   0x00000068   Code   RO         2089    i.I2C_OLED_ByteWrite  bsp_i2c_oled.o
    0x0800134c   0x000000a0   Code   RO          719    i.I2C_RequestMemoryWrite  stm32l1xx_hal_i2c.o
    0x080013ec   0x0000004e   Code   RO          722    i.I2C_WaitOnBTFFlagUntilTimeout  stm32l1xx_hal_i2c.o
    0x0800143a   0x00000060   Code   RO          723    i.I2C_WaitOnFlagUntilTimeout  stm32l1xx_hal_i2c.o
    0x0800149a   0x00000002   PAD
    0x0800149c   0x00000088   Code   RO          724    i.I2C_WaitOnMasterAddressFlagUntilTimeout  stm32l1xx_hal_i2c.o
    0x08001524   0x0000004e   Code   RO          726    i.I2C_WaitOnTXEFlagUntilTimeout  stm32l1xx_hal_i2c.o
    0x08001572   0x00000002   PAD
    0x08001574   0x00000088   Code   RO         1981    i.MX_GPIO_Init      gpio.o
    0x080015fc   0x00000054   Code   RO         2007    i.MX_I2C1_Init      i2c.o
    0x08001650   0x0000004c   Code   RO         2049    i.MX_USART2_UART_Init  usart.o
    0x0800169c   0x00000002   Code   RO         1835    i.MemManage_Handler  stm32l1xx_it.o
    0x0800169e   0x00000002   Code   RO         1836    i.NMI_Handler       stm32l1xx_it.o
    0x080016a0   0x00000020   Code   RO          127    i.NVIC_SetPriority  stm32l1xx_hal_cortex.o
    0x080016c0   0x00000006   Code   RO         2090    i.OLED_CLS          bsp_i2c_oled.o
    0x080016c6   0x0000003e   Code   RO         2091    i.OLED_DrawBMP      bsp_i2c_oled.o
    0x08001704   0x00000038   Code   RO         2092    i.OLED_Fill         bsp_i2c_oled.o
    0x0800173c   0x000000b4   Code   RO         2093    i.OLED_Init         bsp_i2c_oled.o
    0x080017f0   0x00000018   Code   RO         2094    i.OLED_OFF          bsp_i2c_oled.o
    0x08001808   0x00000018   Code   RO         2095    i.OLED_ON           bsp_i2c_oled.o
    0x08001820   0x00000026   Code   RO         2096    i.OLED_SetPos       bsp_i2c_oled.o
    0x08001846   0x00000002   PAD
    0x08001848   0x000000d8   Code   RO         2098    i.OLED_ShowStr      bsp_i2c_oled.o
    0x08001920   0x0000001c   Code   RO         2099    i.OLED_Test         bsp_i2c_oled.o
    0x0800193c   0x00000002   Code   RO         1837    i.PendSV_Handler    stm32l1xx_it.o
    0x0800193e   0x00000002   PAD
    0x08001940   0x00000080   Code   RO          501    i.RCC_SetFlashLatencyFromMSIRange  stm32l1xx_hal_rcc.o
    0x080019c0   0x00000002   Code   RO         1838    i.SVC_Handler       stm32l1xx_it.o
    0x080019c2   0x0000000e   Code   RO         1839    i.SysTick_Handler   stm32l1xx_it.o
    0x080019d0   0x00000078   Code   RO         1907    i.SystemClock_Config  main.o
    0x08001a48   0x00000050   Code   RO         2192    i.SystemInit        system_stm32l1xx.o
    0x08001a98   0x000002a0   Code   RO         1218    i.UART_SetConfig    stm32l1xx_hal_uart.o
    0x08001d38   0x00000002   Code   RO         1840    i.UsageFault_Handler  stm32l1xx_it.o
    0x08001d3a   0x00000008   Code   RO         2100    i.WriteCmd          bsp_i2c_oled.o
    0x08001d42   0x00000008   Code   RO         2101    i.WriteDat          bsp_i2c_oled.o
    0x08001d4a   0x00000002   Code   RO         1908    i._Error_Handler    main.o
    0x08001d4c   0x00000020   Code   RO         2281    i.__0printf$1       mc_w.l(printf1.o)
    0x08001d6c   0x0000000e   Code   RO         2543    i.__scatterload_copy  mc_w.l(handlers.o)
    0x08001d7a   0x00000002   Code   RO         2544    i.__scatterload_null  mc_w.l(handlers.o)
    0x08001d7c   0x0000000e   Code   RO         2545    i.__scatterload_zeroinit  mc_w.l(handlers.o)
    0x08001d8a   0x00000002   PAD
    0x08001d8c   0x00000154   Code   RO         2288    i._printf_core      mc_w.l(printf1.o)
    0x08001ee0   0x00000012   Code   RO         2511    i.fputc             mc_w.l(fputc.o)
    0x08001ef2   0x00000002   PAD
    0x08001ef4   0x000000b0   Code   RO         1909    i.main              main.o
    0x08001fa4   0x00000818   Data   RO         2102    .constdata          bsp_i2c_oled.o
    0x080027bc   0x00000019   Data   RO         2193    .constdata          system_stm32l1xx.o
    0x080027d5   0x00000008   Data   RO         2194    .constdata          system_stm32l1xx.o
    0x080027dd   0x00000003   PAD
    0x080027e0   0x00000020   Data   RO         2541    Region$$Table       anon$$obj.o


    Execution Region RW_IRAM1 (Base: 0x20000000, Size: 0x000008a0, Max: 0x00008000, ABSOLUTE, COMPRESSED[0x00000118])

    Base Addr    Size         Type   Attr      Idx    E Section Name        Object

    0x20000000   0x00000004   Data   RW         1698    .data               stm32l1xx_hal.o
    0x20000004   0x00000400   Data   RW         2104    .data               bsp_i2c_oled.o
    0x20000404   0x00000004   Data   RW         2195    .data               system_stm32l1xx.o
    0x20000408   0x00000004   Data   RW         2513    .data               mc_w.l(stdout.o)
    0x2000040c   0x00000054   Zero   RW         2008    .bss                i2c.o
    0x20000460   0x00000040   Zero   RW         2050    .bss                usart.o
    0x200004a0   0x00000400   Zero   RW         2226    STACK               startup_stm32l151xba.o


==============================================================================

Image component sizes


      Code (inc. data)   RO Data    RW Data    ZI Data      Debug   Object Name

       754         82       2072       1024          0       7276   bsp_i2c_oled.o
       136         14          0          0          0        867   gpio.o
       160         44          0          0         84       1445   i2c.o
       298         38          0          0          0       1974   main.o
        36          8        244          0       1024        744   startup_stm32l151xba.o
       112         18          0          4          0       3407   stm32l1xx_hal.o
       206         14          0          0          0      28168   stm32l1xx_hal_cortex.o
       406         32          0          0          0       2232   stm32l1xx_hal_gpio.o
      1236         20          0          0          0       8739   stm32l1xx_hal_i2c.o
       144          4          0          0          0        866   stm32l1xx_hal_msp.o
      2716        114          0          0          0       6928   stm32l1xx_hal_rcc.o
         0          0          0          0          0     342456   stm32l1xx_hal_tim_ex.o
       766          6          0          0          0       1876   stm32l1xx_hal_uart.o
        30          0          0          0          0       3558   stm32l1xx_it.o
        80         18         33          4          0       1111   system_stm32l1xx.o
       152         38          0          0         64       1482   usart.o

    ----------------------------------------------------------------------
      7246        450       2384       1032       1172     413129   Object Totals
         0          0         32          0          0          0   (incl. Generated)
        14          0          3          0          0          0   (incl. Padding)

    ----------------------------------------------------------------------

      Code (inc. data)   RO Data    RW Data    ZI Data      Debug   Library Member Name

        86          0          0          0          0          0   __dczerorl2.o
         0          0          0          0          0          0   entry.o
         0          0          0          0          0          0   entry10a.o
         0          0          0          0          0          0   entry11a.o
         8          4          0          0          0          0   entry2.o
         4          0          0          0          0          0   entry5.o
         0          0          0          0          0          0   entry7b.o
         0          0          0          0          0          0   entry8b.o
         8          4          0          0          0          0   entry9a.o
        18          0          0          0          0         80   fputc.o
        30          0          0          0          0          0   handlers.o
        36          8          0          0          0         68   init.o
         0          0          0          0          0          0   iusesemip.o
       372         14          0          0          0        184   printf1.o
         0          0          0          0          0          0   semi.o
         0          0          0          4          0          0   stdout.o
        44          0          0          0          0         80   uidiv.o

    ----------------------------------------------------------------------
       610         30          0          4          0        412   Library Totals
         4          0          0          0          0          0   (incl. Padding)

    ----------------------------------------------------------------------

      Code (inc. data)   RO Data    RW Data    ZI Data      Debug   Library Name

       606         30          0          4          0        412   mc_w.l

    ----------------------------------------------------------------------
       610         30          0          4          0        412   Library Totals

    ----------------------------------------------------------------------

==============================================================================


      Code (inc. data)   RO Data    RW Data    ZI Data      Debug   

      7856        480       2384       1036       1172     410653   Grand Totals
      7856        480       2384        280       1172     410653   ELF Image Totals (compressed)
      7856        480       2384        280          0          0   ROM Totals

==============================================================================

    Total RO  Size (Code + RO Data)                10240 (  10.00kB)
    Total RW  Size (RW Data + ZI Data)              2208 (   2.16kB)
    Total ROM Size (Code + RO Data + RW Data)      10520 (  10.27kB)

==============================================================================

